--------- beginning of system
09-18 15:35:39.794   607   748 I UsageStatsService: User[0] Flushing usage stats to disk
09-18 15:36:00.938   607   607 W Looper  : Slow dispatch took 620ms main h=com.android.server.alarm.AlarmManagerService$AlarmHandler c=com.android.server.alarm.AlarmManagerService$2$$ExternalSyntheticLambda0@8c5a06 m=0
09-18 15:36:00.938   607   607 W Looper  : Slow delivery took 447ms main h=com.android.server.power.Notifier$NotifierHandler c=null m=7
09-18 15:36:04.685   607   607 W Looper  : Drained
--------- beginning of main
09-18 15:36:05.209  2120  2272 I AiAiEcho: Predicting[0]:  [CONTEXT sampling_count=5 ]
09-18 15:36:05.214  2120  2272 I AiAiEcho: EchoTargets: 
09-18 15:36:05.214  2120  2272 I AiAiEcho: Filtered by AiAi flag check: 
09-18 15:36:05.214  2120  2272 I AiAiEcho: [CONTEXT ratelimit_period="10 SECONDS" ]
09-18 15:36:05.218  2120  2272 I AiAiEcho: Ranked targets strategy: SORT, count: 0, ranking metadata:  [CONTEXT ratelimit_period="10 SECONDS" ]
09-18 15:36:05.280  2120  2272 I AiAiEcho: #remoteViewsTwiddler: feature disabled.
09-18 15:36:05.285  2120  2272 I AiAiEcho: Predicting[0]:  [CONTEXT sampling_count=5 ]
09-18 15:36:05.285  2120  2272 I AiAiEcho: EchoTargets: 
09-18 15:36:05.285  2120  2272 I AiAiEcho: Filtered by AiAi flag check: 
09-18 15:36:05.285  2120  2272 I AiAiEcho: [CONTEXT ratelimit_period="10 SECONDS" ]
09-18 15:36:05.285  2120  2272 I AiAiEcho: Ranked targets strategy: SORT, count: 0, ranking metadata:  [CONTEXT ratelimit_period="10 SECONDS" ]
09-18 15:36:05.285  2120  2272 I AiAiEcho: #remoteViewsTwiddler: feature disabled.
09-18 15:36:05.305   941  1169 D EGL_emulation: app_time_stats: avg=29924.26ms min=29924.26ms max=29924.26ms count=1
09-18 15:36:05.321  2120  2272 I AiAiEcho: #postPredictionTargets: Sending updates to UISurface lockscreen with targets# 0 (types=[])
09-18 15:36:05.381  2120  2272 I AiAiEcho: #postPredictionTargets: Sending updates to UISurface home with targets# 0 (types=[])
09-18 15:36:05.477   941   941 W PageIndicator: Total number of pages invalid: 0. Assuming 1 page.
09-18 15:36:05.639  1235  1235 D SsBaseTemplateCard: No text view can be set up
09-18 15:36:05.715  1235  1235 D SsBaseTemplateCard: Passed-in item info is null
09-18 15:36:05.716  1235  1235 D SsBaseTemplateCard: Passed-in item info is null
09-18 15:36:05.721  1235  1235 D SsBaseTemplateCard: Passed-in item info is null
09-18 15:36:05.721  1235  1235 I SsBaseTemplateCard: Secondary card pane is null
09-18 15:36:05.872   607   812 W IPCThreadState: Sending oneway calls to frozen process.
09-18 15:36:05.922   607   812 W IPCThreadState: Sending oneway calls to frozen process.
09-18 15:36:05.929   941  4785 I HWUI    : Davey! duration=3996ms; Flags=0, FrameTimelineVsyncId=73498, IntendedVsync=1250848919696, Vsync=1251115586352, InputEventId=0, HandleInputStart=1251185108470, AnimationStart=1251185109179, PerformTraversalsStart=1251185109387, DrawStart=1253868311888, FrameDeadline=1250865586362, FrameInterval=1251131261470, FrameStartTime=16666666, SyncQueued=1254004214055, SyncStart=1254019430138, IssueDrawCommandsStart=1254047202722, SwapBuffers=1254678254264, FrameCompleted=1254860376389, DequeueBufferDuration=9291, QueueBufferDuration=56361625, GpuCompleted=1254854197139, SwapBuffersCompleted=1254860376389, DisplayPresentTime=0, CommandSubmissionCompleted=1254678254264, 
09-18 15:36:05.966   607   812 W IPCThreadState: Sending oneway calls to frozen process.
09-18 15:36:05.995   607   812 W IPCThreadState: Sending oneway calls to frozen process.
09-18 15:36:06.034   607   812 W IPCThreadState: Sending oneway calls to frozen process.
09-18 15:36:06.049   607   812 W IPCThreadState: Sending oneway calls to frozen process.
09-18 15:36:06.049   607   812 W IPCThreadState: Sending oneway calls to frozen process.
09-18 15:36:06.061   607   812 W IPCThreadState: Sending oneway calls to frozen process.
09-18 15:36:06.061   607   812 W IPCThreadState: Sending oneway calls to frozen process.
09-18 15:36:06.077   607   812 W IPCThreadState: Sending oneway calls to frozen process.
09-18 15:36:06.077   607   812 W IPCThreadState: Sending oneway calls to frozen process.
09-18 15:36:06.077   607   812 W IPCThreadState: Sending oneway calls to frozen process.
09-18 15:36:06.077   607   812 W IPCThreadState: Sending oneway calls to frozen process.
09-18 15:36:06.077   607   812 W IPCThreadState: Sending oneway calls to frozen process.
09-18 15:36:06.077   607   812 W IPCThreadState: Sending oneway calls to frozen process.
09-18 15:36:06.078   607   812 W IPCThreadState: Sending oneway calls to frozen process.
09-18 15:36:06.093   607   812 W IPCThreadState: Sending oneway calls to frozen process.
09-18 15:36:06.096   607   812 W IPCThreadState: Sending oneway calls to frozen process.
09-18 15:36:06.097   607   812 W IPCThreadState: Sending oneway calls to frozen process.
09-18 15:36:06.116   607   812 W IPCThreadState: Sending oneway calls to frozen process.
09-18 15:36:06.132   607   812 W IPCThreadState: Sending oneway calls to frozen process.
09-18 15:36:06.160   607   812 W IPCThreadState: Sending oneway calls to frozen process.
09-18 15:36:06.168   607   812 W IPCThreadState: Sending oneway calls to frozen process.
09-18 15:36:06.199   607   812 W IPCThreadState: Sending oneway calls to frozen process.
09-18 15:36:06.294  2440  2633 I BugleRcsEngine: Connected state: [1], networkType: [WIFI] [CONTEXT thread_id=56 ]
09-18 15:36:06.338  2440  2696 I BugleRcsEngine: handleMessage processing message:[NOTIFY_UPTIME_IGNORE_STATE_CHANGED] with [non-null]:RcsEngineImpl reference [CONTEXT log_prefix="RcsEngineImpl[DUAL_REG]:[776a9c35-36cb]>Handler" thread_id=61 ]
09-18 15:36:06.347  2289  2426 I NullBinder: NullBinder for android.net.action.RECOMMEND_NETWORKS triggering remote TransactionTooLargeException due to Service without Chimera impl, calling uid: 1000, calling pid: 0
09-18 15:36:06.347  2289  2426 W .gms.persistent: Large reply transaction of 1056768 bytes, interface descriptor , code 1
09-18 15:36:06.477   607   976 W ContentProviderHelper: Slow operation: 87ms so far, now at getContentProviderImpl: after updateOomAdj
09-18 15:36:06.486   607   976 W ContentProviderHelper: Slow operation: 95ms so far, now at getContentProviderImpl: done!
09-18 15:36:06.747  2440  2696 I BugleRcsEngine: No RCS Configuration was found in Bugle for simID: redacted-pii:sim_id[chars:20,last3:897] [CONTEXT log_prefix="ProvisioningEngineDataRetriever" thread_id=61 ]
09-18 15:36:15.170   941  1169 D EGL_emulation: app_time_stats: avg=9859.38ms min=9859.38ms max=9859.38ms count=1
09-18 15:36:15.262  1021  1185 I bluetooth: system/gd/hci/le_address_manager.cc:659 OnCommandComplete: Received command complete with op_code LE_SET_RANDOM_ADDRESS(0x2005)
09-18 15:36:15.366  1021  1185 I bluetooth: system/gd/hci/le_address_manager.cc:680 OnCommandComplete: update random address : xx:xx:xx:xx:72:9f
09-18 15:36:15.368  1021  1185 I bluetooth: system/gd/hci/le_address_manager.cc:347 resume_registered_clients: Resuming registered clients
09-18 15:36:26.156  3197  3312 I BistoHotwordHelper: (REDACTED) getHotwordActive::active query: %s, watch: %s, devices connected: %s
09-18 15:36:38.427   607   976 I ActivityManager: Force stopping com.timidgiraffe.practix.android appid=10208 user=0: from pid 5419
09-18 15:36:38.489   607   976 I ActivityManager: Killing 3868:com.google.android.webview:webview_service/u0a162 (adj 985): empty #17
09-18 15:36:38.783   607   607 W Looper  : Slow dispatch took 717ms main h=android.app.ActivityThread$H c=null m=114
09-18 15:36:38.789   607   607 W Looper  : Slow delivery took 717ms main h=android.app.ActivityThread$H c=null m=121
09-18 15:36:39.486   607   659 W Looper  : Slow dispatch took 122ms android.fg h=android.os.Handler c=com.android.internal.content.PackageMonitor$$ExternalSyntheticLambda0@40c3f64 m=0
09-18 15:36:39.699   607   749 D ActivityManager: sync unfroze 2358 com.google.android.googlequicksearchbox:search for 6
09-18 15:36:39.881   607   749 D ActivityManager: sync unfroze 3543 com.google.android.webview:sandboxed_process0:org.chromium.content.app.SandboxedProcessService0:0 for 6
09-18 15:36:39.939   607   659 W Looper  : Slow dispatch took 133ms android.fg h=android.os.Handler c=com.android.internal.content.PackageMonitor$$ExternalSyntheticLambda0@fdfa5cd m=0
09-18 15:36:39.970  5427  5427 E Parcel  : Reading a NULL string not supported here.
09-18 15:36:40.175  5427  5427 E IPCThreadState: Binder transaction failure. id: 311673, BR_*: 29201, error: -1 (Operation not permitted)
09-18 15:36:40.175  5427  5427 E IPCThreadState: Binder transaction failure. id: 311677, BR_*: 29201, error: -1 (Operation not permitted)
09-18 15:36:40.175  5427  5427 E IPCThreadState: Binder transaction failure. id: 311681, BR_*: 29201, error: -1 (Operation not permitted)
09-18 15:36:40.175  5427  5427 E IPCThreadState: Binder transaction failure. id: 311685, BR_*: 29201, error: -1 (Operation not permitted)
09-18 15:36:40.175  5427  5427 E IPCThreadState: Binder transaction failure. id: 311689, BR_*: 29201, error: -1 (Operation not permitted)
09-18 15:36:40.175  5427  5427 E IPCThreadState: Binder transaction failure. id: 311693, BR_*: 29201, error: -1 (Operation not permitted)
09-18 15:36:40.175  5427  5427 E IPCThreadState: Binder transaction failure. id: 311697, BR_*: 29201, error: -1 (Operation not permitted)
09-18 15:36:40.205  5427  5427 E IPCThreadState: Binder transaction failure. id: 311712, BR_*: 29201, error: -1 (Operation not permitted)
09-18 15:36:40.172  5427  5427 W service : type=1400 audit(0.0:702): avc:  denied  { call } for  scontext=u:r:shell:s0 tcontext=u:r:hal_authsecret_default:s0 tclass=binder permissive=0
09-18 15:36:40.172  5427  5427 W service : type=1400 audit(0.0:703): avc:  denied  { call } for  scontext=u:r:shell:s0 tcontext=u:r:hal_face_default:s0 tclass=binder permissive=0
09-18 15:36:40.172  5427  5427 W service : type=1400 audit(0.0:704): avc:  denied  { call } for  scontext=u:r:shell:s0 tcontext=u:r:hal_fingerprint_default:s0 tclass=binder permissive=0
09-18 15:36:40.172  5427  5427 W service : type=1400 audit(0.0:705): avc:  denied  { call } for  scontext=u:r:shell:s0 tcontext=u:r:hal_bluetooth_default:s0 tclass=binder permissive=0
09-18 15:36:40.172  5427  5427 W service : type=1400 audit(0.0:706): avc:  denied  { call } for  scontext=u:r:shell:s0 tcontext=u:r:hal_audio_default:s0 tclass=binder permissive=0
09-18 15:36:40.172  5427  5427 W service : type=1400 audit(0.0:707): avc:  denied  { call } for  scontext=u:r:shell:s0 tcontext=u:r:hal_camera_default:s0 tclass=binder permissive=0
09-18 15:36:40.172  5427  5427 W service : type=1400 audit(0.0:708): avc:  denied  { call } for  scontext=u:r:shell:s0 tcontext=u:r:hal_camera_default:s0 tclass=binder permissive=0
09-18 15:36:40.200  5427  5427 W service : type=1400 audit(0.0:709): avc:  denied  { call } for  scontext=u:r:shell:s0 tcontext=u:r:hal_contexthub_default:s0 tclass=binder permissive=0
09-18 15:36:40.248  5427  5427 W service : type=1400 audit(0.0:710): avc:  denied  { call } for  scontext=u:r:shell:s0 tcontext=u:r:hal_gnss_default:s0 tclass=binder permissive=0
09-18 15:36:40.237   607   607 W Looper  : Drained
09-18 15:36:40.237   607   607 W Looper  : Slow dispatch took 1442ms main h=android.app.ActivityThread$H c=android.app.LoadedApk$ServiceDispatcher$RunConnection@183c0ce m=0
09-18 15:36:40.238   607   607 W Looper  : Slow delivery took 944ms main h=android.os.Handler c=com.android.internal.content.PackageMonitor$$ExternalSyntheticLambda0@72c0bef m=0
09-18 15:36:40.255  5427  5427 E IPCThreadState: Binder transaction failure. id: 311734, BR_*: 29201, error: -1 (Operation not permitted)
09-18 15:36:40.257  5427  5427 E IPCThreadState: Binder transaction failure. id: 311738, BR_*: 29201, error: -1 (Operation not permitted)
09-18 15:36:40.257  5427  5427 E IPCThreadState: Binder transaction failure. id: 311742, BR_*: 29201, error: -1 (Operation not permitted)
09-18 15:36:40.257  5427  5427 E IPCThreadState: Binder transaction failure. id: 311746, BR_*: 29201, error: -1 (Operation not permitted)
09-18 15:36:40.257  5427  5427 E IPCThreadState: Binder transaction failure. id: 311750, BR_*: 29201, error: -1 (Operation not permitted)
09-18 15:36:40.408  5427  5427 E IPCThreadState: Binder transaction failure. id: 311785, BR_*: 29201, error: -1 (Operation not permitted)
09-18 15:36:40.409  5427  5427 E IPCThreadState: Binder transaction failure. id: 311789, BR_*: 29201, error: -1 (Operation not permitted)
09-18 15:36:40.409  5427  5427 E IPCThreadState: Binder transaction failure. id: 311793, BR_*: 29201, error: -1 (Operation not permitted)
09-18 15:36:40.409  5427  5427 E IPCThreadState: Binder transaction failure. id: 311797, BR_*: 29201, error: -1 (Operation not permitted)
09-18 15:36:40.409  5427  5427 E IPCThreadState: Binder transaction failure. id: 311801, BR_*: 29201, error: -1 (Operation not permitted)
09-18 15:36:40.409  5427  5427 E IPCThreadState: Binder transaction failure. id: 311805, BR_*: 29201, error: -1 (Operation not permitted)
09-18 15:36:40.409  5427  5427 E IPCThreadState: Binder transaction failure. id: 311809, BR_*: 29201, error: -1 (Operation not permitted)
09-18 15:36:40.409  5427  5427 E IPCThreadState: Binder transaction failure. id: 311813, BR_*: 29201, error: -1 (Operation not permitted)
09-18 15:36:40.409  5427  5427 E IPCThreadState: Binder transaction failure. id: 311817, BR_*: 29201, error: -1 (Operation not permitted)
09-18 15:36:40.409  5427  5427 E IPCThreadState: Binder transaction failure. id: 311821, BR_*: 29201, error: -1 (Operation not permitted)
09-18 15:36:40.409  5427  5427 E IPCThreadState: Binder transaction failure. id: 311825, BR_*: 29201, error: -1 (Operation not permitted)
09-18 15:36:40.409  5427  5427 E IPCThreadState: Binder transaction failure. id: 311829, BR_*: 29201, error: -1 (Operation not permitted)
09-18 15:36:40.451  5427  5427 E IPCThreadState: Binder transaction failure. id: 311847, BR_*: 29201, error: -1 (Operation not permitted)
09-18 15:36:40.452  5427  5427 E IPCThreadState: Binder transaction failure. id: 311851, BR_*: 29201, error: -1 (Operation not permitted)
09-18 15:36:40.452  5427  5427 E IPCThreadState: Binder transaction failure. id: 311855, BR_*: 29201, error: -1 (Operation not permitted)
09-18 15:36:40.452  5427  5427 E IPCThreadState: Binder transaction failure. id: 311859, BR_*: 29201, error: -1 (Operation not permitted)
09-18 15:36:40.453  5427  5427 E IPCThreadState: Binder transaction failure. id: 311863, BR_*: 29201, error: -1 (Operation not permitted)
09-18 15:36:40.453  5427  5427 E IPCThreadState: Binder transaction failure. id: 311867, BR_*: 29201, error: -1 (Operation not permitted)
09-18 15:36:40.480  1054  1054 D CarrierSvcBindHelper: onHandleForceStop: [com.timidgiraffe.practix.android]
09-18 15:36:40.497  5427  5427 E IPCThreadState: Binder transaction failure. id: 311918, BR_*: 29201, error: -1 (Operation not permitted)
09-18 15:36:40.498  5427  5427 E IPCThreadState: Binder transaction failure. id: 311922, BR_*: 29201, error: -1 (Operation not permitted)
09-18 15:36:40.507  5427  5427 E Parcel  : Reading a NULL string not supported here.
09-18 15:36:40.565   607   659 W Looper  : Slow dispatch took 160ms android.fg h=android.os.Handler c=com.android.server.location.injector.SystemPackageResetHelper$Receiver$$ExternalSyntheticLambda1@3d7780b m=0
09-18 15:36:40.575   607   607 W ProcessStats: Tracking association SourceState{467235f com.google.android.googlequicksearchbox:search/10145 ImpBg #2683} whose proc state 6 is better than process ProcessState{2033dd6 com.google.android.webview:sandboxed_process0:org.chromium.content.app.SandboxedProcessService0:0/10145 pkg=com.google.android.googlequicksearchbox} proc state 14 (1 skipped)
09-18 15:36:40.589  1054  1054 D CarrierSvcBindHelper: No carrier app for: 0
09-18 15:36:40.591  5427  5427 E IPCThreadState: Binder transaction failure. id: 311990, BR_*: 29201, error: -1 (Operation not permitted)
09-18 15:36:40.628  5427  5427 E Parcel  : Reading a NULL string not supported here.
09-18 15:36:40.633  5427  5427 E Parcel  : Reading a NULL string not supported here.
09-18 15:36:40.652  5427  5427 E Parcel  : Reading a NULL string not supported here.
09-18 15:36:40.696   607   607 W Looper  : Drained
09-18 15:36:40.761   607   680 W libprocessgroup: Still waiting on process(es) to exit for cgroup /sys/fs/cgroup/uid_10162/pid_3868 after 2217 ms
09-18 15:36:40.764  1837  2057 W Bugle   : TextClassifierLibManagerImpl: Reclaiming memory at level: 40
09-18 15:36:40.779  5427  5427 E Parcel  : Reading a NULL string not supported here.
09-18 15:36:40.786  5427  5427 E Parcel  : Reading a NULL string not supported here.
09-18 15:36:40.791  5427  5427 E Parcel  : Reading a NULL string not supported here.
09-18 15:36:40.807  5427  5427 E Parcel  : Reading a NULL string not supported here.
09-18 15:36:40.808  5427  5427 E Parcel  : Reading a NULL string not supported here.
09-18 15:36:40.819   607   680 E libprocessgroup: Unable to remove cgroup /sys/fs/cgroup/uid_10162/pid_3868: Device or resource busy
09-18 15:36:40.849  5427  5427 E Parcel  : Reading a NULL string not supported here.
09-18 15:36:40.873  2358  2358 I BgTaskExecutorImpl: (REDACTED) Starting %s background task %s.
09-18 15:36:40.874  5427  5427 E Parcel  : Reading a NULL string not supported here.
09-18 15:36:40.985  5427  5427 E Parcel  : Reading a NULL string not supported here.
09-18 15:36:40.992  5427  5427 E Parcel  : Reading a NULL string not supported here.
09-18 15:36:41.155   370   370 I Zygote  : Process 3868 exited due to signal 9 (Killed)
09-18 15:36:41.160   607   660 D DisplayManagerService: Drop pending events for gone uid 10162
09-18 15:36:41.200  5427  5427 E Parcel  : Reading a NULL string not supported here.
09-18 15:36:41.210  5427  5427 E Parcel  : Reading a NULL string not supported here.
09-18 15:36:41.226  5427  5427 E Parcel  : Reading a NULL string not supported here.
09-18 15:36:41.259  5427  5427 E Parcel  : Reading a NULL string not supported here.
09-18 15:36:41.278  5427  5427 E Parcel  : Reading a NULL string not supported here.
09-18 15:36:41.295  5427  5427 E Parcel  : Reading a NULL string not supported here.
09-18 15:36:41.304  5098  5105 W .apps.wellbeing: ApkAssets: Deleting an ApkAssets object '<empty> and /product/priv-app/SafetyHubPrebuilt/SafetyHubPrebuilt.apk' with 1 weak references
09-18 15:36:41.322  5098  5105 W .apps.wellbeing: ApkAssets: Deleting an ApkAssets object '<empty> and /system/priv-app/DownloadProviderUi/DownloadProviderUi.apk' with 1 weak references
09-18 15:36:41.327  2358  5434 I NetworkRecognitionRnr: Using pair HTTP connection
09-18 15:36:41.332  5098  5105 W .apps.wellbeing: ApkAssets: Deleting an ApkAssets object '<empty> and /apex/com.android.wifi/app/OsuLoginGoogle@350820300/OsuLoginGoogle.apk' with 1 weak references
09-18 15:36:41.336  5098  5105 W .apps.wellbeing: ApkAssets: Deleting an ApkAssets object '<empty> and /data/app/~~y76Duy2Jn29Xql2WSjh8Pw==/com.android.vending-kR5pWidm-TkKGX1ua0_kJw==/base.apk' with 1 weak references
09-18 15:36:41.339  5098  5105 W .apps.wellbeing: ApkAssets: Deleting an ApkAssets object '<empty> and /data/app/~~y76Duy2Jn29Xql2WSjh8Pw==/com.android.vending-kR5pWidm-TkKGX1ua0_kJw==/split_config.arm64_v8a.apk' with 1 weak references
09-18 15:36:41.339  5098  5105 W .apps.wellbeing: ApkAssets: Deleting an ApkAssets object '<empty> and /data/app/~~y76Duy2Jn29Xql2WSjh8Pw==/com.android.vending-kR5pWidm-TkKGX1ua0_kJw==/split_config.en.apk' with 1 weak references
09-18 15:36:41.339  5098  5105 W .apps.wellbeing: ApkAssets: Deleting an ApkAssets object '<empty> and /data/app/~~y76Duy2Jn29Xql2WSjh8Pw==/com.android.vending-kR5pWidm-TkKGX1ua0_kJw==/split_phonesky_data_loader.apk' with 1 weak references
09-18 15:36:41.339  5098  5105 W .apps.wellbeing: ApkAssets: Deleting an ApkAssets object '<empty> and /data/app/~~y76Duy2Jn29Xql2WSjh8Pw==/com.android.vending-kR5pWidm-TkKGX1ua0_kJw==/split_phonesky_data_loader.config.arm64_v8a.apk' with 1 weak references
09-18 15:36:41.346  5098  5105 W .apps.wellbeing: ApkAssets: Deleting an ApkAssets object '<empty> and /system/app/PacProcessor/PacProcessor.apk' with 1 weak references
09-18 15:36:41.352  5098  5105 W .apps.wellbeing: ApkAssets: Deleting an ApkAssets object '<empty> and /system/app/SimAppDialog/SimAppDialog.apk' with 1 weak references
09-18 15:36:41.353  5098  5105 W .apps.wellbeing: ApkAssets: Deleting an ApkAssets object '/product/overlay/SimAppDialog__sdk_gphone64_arm64__auto_generated_rro_product.apk' with 1 weak references
09-18 15:36:41.364  5098  5105 W .apps.wellbeing: ApkAssets: Deleting an ApkAssets object '<empty> and /apex/com.android.adservices/priv-app/AdServicesApkGoogle@350820260/AdServicesApkGoogle.apk' with 1 weak references
09-18 15:36:41.369  5098  5105 W .apps.wellbeing: ApkAssets: Deleting an ApkAssets object '<empty> and /product/overlay/DisplayCutoutEmulationHole/DisplayCutoutEmulationHoleOverlay.apk' with 1 weak references
09-18 15:36:41.375  5098  5105 W .apps.wellbeing: ApkAssets: Deleting an ApkAssets object '<empty> and /product/overlay/DisplayCutoutEmulationTall/DisplayCutoutEmulationTallOverlay.apk' with 1 weak references
09-18 15:36:41.378  5098  5105 W .apps.wellbeing: ApkAssets: Deleting an ApkAssets object '<empty> and /system/app/CertInstaller/CertInstaller.apk' with 1 weak references
09-18 15:36:41.385  5098  5105 W .apps.wellbeing: ApkAssets: Deleting an ApkAssets object '<empty> and /product/app/talkback/talkback.apk' with 1 weak references
09-18 15:36:41.388  5098  5105 W .apps.wellbeing: ApkAssets: Deleting an ApkAssets object '/vendor/overlay/EmulatorTalkBackOverlay/EmulatorTalkBackOverlay.apk' with 1 weak references
09-18 15:36:41.390  5098  5105 W .apps.wellbeing: ApkAssets: Deleting an ApkAssets object '<empty> and /product/overlay/NavigationBarMode3Button/NavigationBarMode3ButtonOverlay.apk' with 1 weak references
09-18 15:36:41.393  2358  5437 I A       : [Upload] Connected
09-18 15:36:41.396  5098  5105 W .apps.wellbeing: ApkAssets: Deleting an ApkAssets object '<empty> and /product/app/Camera2/Camera2.apk' with 1 weak references
09-18 15:36:41.399  5098  5105 W .apps.wellbeing: ApkAssets: Deleting an ApkAssets object '<empty> and /system/app/EasterEgg/EasterEgg.apk' with 1 weak references
09-18 15:36:41.400  5427  5427 E IPCThreadState: Binder transaction failure. id: 313157, BR_*: 29201, error: -1 (Operation not permitted)
09-18 15:36:41.396  5427  5427 W service : type=1400 audit(0.0:736): avc:  denied  { call } for  scontext=u:r:shell:s0 tcontext=u:r:wificond:s0 tclass=binder permissive=0
09-18 15:36:41.406  5098  5105 W .apps.wellbeing: ApkAssets: Deleting an ApkAssets object '<empty> and /system/priv-app/MtpService/MtpService.apk' with 1 weak references
09-18 15:36:41.409  5098  5105 W .apps.wellbeing: ApkAssets: Deleting an ApkAssets object '<empty> and /apex/com.android.nfcservices/priv-app/NfcNciApexGoogle@AE3A.240806.036/NfcNciApexGoogle.apk' with 1 weak references
09-18 15:36:41.409  2358  5437 I NetworkRecognitionRnr: Using pair HTTP connection
09-18 15:36:41.415  2358  5439 I A       : [Upload] Connected
09-18 15:36:41.416  5098  5105 W .apps.wellbeing: ApkAssets: Deleting an ApkAssets object '<empty> and /system/app/Stk/Stk.apk' with 1 weak references
09-18 15:36:41.422  5098  5105 W .apps.wellbeing: ApkAssets: Deleting an ApkAssets object '<empty> and /product/app/PrebuiltDeskClockGoogle/PrebuiltDeskClockGoogle.apk' with 1 weak references
09-18 15:36:41.429  5098  5105 W .apps.wellbeing: ApkAssets: Deleting an ApkAssets object '<empty> and /product/overlay/NavigationBarMode2Button/NavigationBarMode2ButtonOverlay.apk' with 1 weak references
09-18 15:36:41.430  2358  2358 E A       : onError
09-18 15:36:41.430  2358  2358 E A       : com.google.android.apps.gsa.shared.speech.b.l: errorCode: 65561, engine: 2
09-18 15:36:41.430  2358  2358 E A       : 	at com.google.android.apps.gsa.staticplugins.bp.a.f.a(PG:23)
09-18 15:36:41.430  2358  2358 E A       : 	at com.google.android.apps.gsa.s3.o.hg(PG:13)
09-18 15:36:41.430  2358  2358 E A       : 	at com.google.ch.g.a.f.e(PG:9)
09-18 15:36:41.430  2358  2358 E A       : 	at com.google.android.apps.gsa.speech.k.a.g.d(PG:162)
09-18 15:36:41.430  2358  2358 E A       : 	at com.google.android.apps.gsa.speech.k.a.g.iN(PG:26)
09-18 15:36:41.430  2358  2358 E A       : 	at com.google.android.apps.gsa.s3.p.c(PG:102)
09-18 15:36:41.430  2358  2358 E A       : 	at com.google.android.apps.gsa.s3.q.run(PG:1)
09-18 15:36:41.430  2358  2358 E A       : 	at java.util.concurrent.Executors$RunnableAdapter.call(Executors.java:487)
09-18 15:36:41.430  2358  2358 E A       : 	at java.util.concurrent.FutureTask.run(FutureTask.java:264)
09-18 15:36:41.430  2358  2358 E A       : 	at com.google.android.apps.gsa.shared.util.c.a.e.run(PG:12)
09-18 15:36:41.430  2358  2358 E A       : 	at com.google.android.apps.gsa.shared.util.c.a.bg.run(PG:3)
09-18 15:36:41.430  2358  2358 E A       : 	at com.google.android.apps.gsa.shared.util.c.a.bg.run(PG:3)
09-18 15:36:41.430  2358  2358 E A       : 	at java.util.concurrent.ThreadPoolExecutor.runWorker(ThreadPoolExecutor.java:1145)
09-18 15:36:41.430  2358  2358 E A       : 	at java.util.concurrent.ThreadPoolExecutor$Worker.run(ThreadPoolExecutor.java:644)
09-18 15:36:41.430  2358  2358 E A       : 	at java.lang.Thread.run(Thread.java:1012)
09-18 15:36:41.430  2358  2358 E A       : 	at com.google.android.apps.gsa.shared.util.c.a.l.run(PG:42)
09-18 15:36:41.430  2358  2358 E A       : Caused by: com.google.android.apps.gsa.shared.speech.b.n: errorCode: 65586, engine: 2
09-18 15:36:41.430  2358  2358 E A       : 	at com.google.android.apps.gsa.s3.o.hg(PG:6)
09-18 15:36:41.430  2358  2358 E A       : 	... 14 more
09-18 15:36:41.430  2358  2358 E A       : Caused by: com.google.android.apps.gsa.shared.speech.b.j: errorCode: 401, engine: 2
09-18 15:36:41.430  2358  2358 E A       : 	at com.google.android.apps.gsa.assistant.shared.n.i.b(PG:30)
09-18 15:36:41.430  2358  2358 E A       : 	at com.google.android.apps.gsa.s3.producers.j.hq(PG:11)
09-18 15:36:41.430  2358  2358 E A       : 	at com.google.android.apps.gsa.speech.k.a.g.d(PG:135)
09-18 15:36:41.430  2358  2358 E A       : 	... 12 more
09-18 15:36:41.432  2358  2358 W A       : Failed to sync device settings.
09-18 15:36:41.432  2358  2358 I A       : Retrying to sync device settings.
09-18 15:36:41.435  5098  5105 W .apps.wellbeing: ApkAssets: Deleting an ApkAssets object '<empty> and /product/priv-app/DevicePersonalizationPrebuiltPixel2021-aiai_20240329.00_RC16/DevicePersonalizationPrebuiltPixel2021-aiai_20240329.00_RC16.apk' with 1 weak references
09-18 15:36:41.441  5098  5105 W .apps.wellbeing: ApkAssets: Deleting an ApkAssets object '<empty> and /product/app/PrebuiltGmail/PrebuiltGmail.apk' with 1 weak references
09-18 15:36:41.441  2358  2358 W JobInfo : Job 'com.google.android.googlequicksearchbox/com.google.android.apps.gsa.tasks.BackgroundTasksJobService#-353' has a deadline with functional constraints and an extremely short time window of 0 ms (delay=960000, deadline=960000). The functional constraints are not likely to be satisfied when the job runs.
09-18 15:36:41.445   607   976 W JobInfo : Job 'com.google.android.googlequicksearchbox/com.google.android.apps.gsa.tasks.BackgroundTasksJobService#-353' has a deadline with functional constraints and an extremely short time window of 0 ms (delay=960000, deadline=960000). The functional constraints are not likely to be satisfied when the job runs.
09-18 15:36:41.446   607   976 W JobInfo : Job 'com.google.android.googlequicksearchbox/com.google.android.apps.gsa.tasks.BackgroundTasksJobService#-353' has a deadline with functional constraints and an extremely short time window of 0 ms (delay=960000, deadline=960000). The functional constraints are not likely to be satisfied when the job runs.
09-18 15:36:41.454  5098  5105 W .apps.wellbeing: ApkAssets: Deleting an ApkAssets object '<empty> and /apex/com.android.permission/priv-app/GooglePermissionController@350820360/GooglePermissionController.apk' with 1 weak references
09-18 15:36:41.458   607  1194 W JobScheduler: Job didn't exist in JobStore: 38c8f7 #u0a145/-353 com.google.android.googlequicksearchbox/com.google.android.apps.gsa.tasks.BackgroundTasksJobService
09-18 15:36:41.464  5098  5105 W .apps.wellbeing: ApkAssets: Deleting an ApkAssets object '/product/overlay/GooglePermissionControllerOverlay.apk' with 1 weak references
09-18 15:36:41.478  5098  5105 W .apps.wellbeing: ApkAssets: Deleting an ApkAssets object '<empty> and /apex/com.android.btservices/app/BluetoothGoogle@342010060/BluetoothGoogle.apk' with 1 weak references
09-18 15:36:41.482  5098  5105 W .apps.wellbeing: ApkAssets: Deleting an ApkAssets object '<empty> and /system/priv-app/SettingsProvider/SettingsProvider.apk' with 1 weak references
09-18 15:36:41.494  5098  5105 W .apps.wellbeing: ApkAssets: Deleting an ApkAssets object '/product/overlay/LargeScreenSettingsProviderOverlay.apk' with 1 weak references
09-18 15:36:41.495  5098  5105 W .apps.wellbeing: ApkAssets: Deleting an ApkAssets object '/product/overlay/SettingsProvider__sdk_gphone64_arm64__auto_generated_rro_product.apk' with 1 weak references
09-18 15:36:41.496  5098  5105 W .apps.wellbeing: ApkAssets: Deleting an ApkAssets object '<empty> and /system/app/PrintSpooler/PrintSpooler.apk' with 1 weak references
09-18 15:36:41.499  5098  5105 W .apps.wellbeing: ApkAssets: Deleting an ApkAssets object '<empty> and /system/app/BasicDreams/BasicDreams.apk' with 1 weak references
09-18 15:36:41.503  5098  5105 W .apps.wellbeing: ApkAssets: Deleting an ApkAssets object '<empty> and /product/priv-app/DeviceIntelligenceNetworkPrebuilt-astrea_20240329.00_RC02/DeviceIntelligenceNetworkPrebuilt-astrea_20240329.00_RC02.apk' with 1 weak references
09-18 15:36:41.509  5098  5105 W .apps.wellbeing: ApkAssets: Deleting an ApkAssets object '<empty> and /system/priv-app/InputDevices/InputDevices.apk' with 1 weak references
09-18 15:36:41.514  5285  5285 I studio.deploy: Received request 'dump'
09-18 15:36:41.514  5098  5105 W .apps.wellbeing: ApkAssets: Deleting an ApkAssets object '<empty> and /apex/com.android.devicelock/priv-app/DeviceLockControllerGoogle@AE3A.240806.036/DeviceLockControllerGoogle.apk' with 1 weak references
09-18 15:36:41.520  5098  5105 W .apps.wellbeing: ApkAssets: Deleting an ApkAssets object '<empty> and /product/priv-app/GoogleDialer/GoogleDialer.apk' with 1 weak references
09-18 15:36:41.528  5098  5105 W .apps.wellbeing: ApkAssets: Deleting an ApkAssets object '<empty> and /system/priv-app/BuiltInPrintService/BuiltInPrintService.apk' with 1 weak references
09-18 15:36:41.528  5098  5105 W .apps.wellbeing: ApkAssets: Deleting an ApkAssets object '/product/overlay/BuiltInPrintService__sdk_gphone64_arm64__auto_generated_rro_product.apk' with 1 weak references
09-18 15:36:41.531  5098  5105 W .apps.wellbeing: ApkAssets: Deleting an ApkAssets object '<empty> and /system/app/CaptivePortalLoginGoogle/CaptivePortalLoginGoogle.apk' with 1 weak references
09-18 15:36:41.533  5098  5105 W .apps.wellbeing: ApkAssets: Deleting an ApkAssets object '<empty> and /system/priv-app/MusicFX/MusicFX.apk' with 1 weak references
09-18 15:36:41.539  5098  5105 W .apps.wellbeing: ApkAssets: Deleting an ApkAssets object '<empty> and /product/app/Drive/Drive.apk' with 1 weak references
09-18 15:36:41.545  5098  5105 W .apps.wellbeing: ApkAssets: Deleting an ApkAssets object '<empty> and /product/app/Maps/Maps.apk' with 1 weak references
09-18 15:36:41.550  5098  5105 W .apps.wellbeing: ApkAssets: Deleting an ApkAssets object '<empty> and /product/app/ModuleMetadataGoogle/ModuleMetadataGoogle.apk' with 1 weak references
09-18 15:36:41.553  5098  5105 W .apps.wellbeing: ApkAssets: Deleting an ApkAssets object '<empty> and /product/overlay/DisplayCutoutEmulationEmu01/DisplayCutoutEmulationEmu01Overlay.apk' with 1 weak references
09-18 15:36:41.556  5098  5105 W .apps.wellbeing: ApkAssets: Deleting an ApkAssets object '<empty> and /system_ext/priv-app/AvatarPickerGoogle/AvatarPickerGoogle.apk' with 1 weak references
09-18 15:36:41.561  5098  5105 W .apps.wellbeing: ApkAssets: Deleting an ApkAssets object '<empty> and /product/app/MarkupGoogle_v2/MarkupGoogle_v2.apk' with 1 weak references
09-18 15:36:41.565  5098  5105 W .apps.wellbeing: ApkAssets: Deleting an ApkAssets object '<empty> and /system/priv-app/NetworkStackGoogle/NetworkStackGoogle.apk' with 1 weak references
09-18 15:36:41.567  5098  5105 W .apps.wellbeing: ApkAssets: Deleting an ApkAssets object '<empty> and /apex/com.android.rkpd/priv-app/rkpdapp.google@350820300/rkpdapp.google.apk' with 1 weak references
09-18 15:36:41.573  5098  5105 W .apps.wellbeing: ApkAssets: Deleting an ApkAssets object '<empty> and /product/app/GoogleContacts/GoogleContacts.apk' with 1 weak references
09-18 15:36:41.577  5098  5105 W .apps.wellbeing: ApkAssets: Deleting an ApkAssets object '<empty> and /system/priv-app/Telecom/Telecom.apk' with 1 weak references
09-18 15:36:41.577  5098  5105 W .apps.wellbeing: ApkAssets: Deleting an ApkAssets object '/product/overlay/Telecom__sdk_gphone64_arm64__auto_generated_rro_product.apk' with 1 weak references
09-18 15:36:41.578  5098  5105 W .apps.wellbeing: ApkAssets: Deleting an ApkAssets object '<empty> and /system/app/KeyChain/KeyChain.apk' with 1 weak references
09-18 15:36:41.582  5098  5105 W .apps.wellbeing: ApkAssets: Deleting an ApkAssets object '<empty> and /data/app/~~4Byk2VeTd-WsMaOfHiJxhg==/com.android.chrome-S-GKTdK_LtC5aVfPT3qd6A==/Chrome.apk' with 1 weak references
09-18 15:36:41.584  5098  5105 W .apps.wellbeing: ApkAssets: Deleting an ApkAssets object '<empty> and /data/app/~~R2Kq-RwRQRYiQHbF5MmwtQ==/com.google.android.trichromelibrary_636771932-HO8DEUQBDqTzl5mDmJbDQg==/TrichromeLibrary.apk' with 1 weak references
09-18 15:36:41.585  5098  5105 W .apps.wellbeing: ApkAssets: Deleting an ApkAssets object '<empty> and /system/priv-app/GooglePackageInstaller/GooglePackageInstaller.apk' with 1 weak references
09-18 15:36:41.594  5098  5105 W .apps.wellbeing: ApkAssets: Deleting an ApkAssets object '<empty> and /product/app/PixelThemesStub/PixelThemesStub.apk' with 1 weak references
09-18 15:36:41.598  5098  5105 W .apps.wellbeing: ApkAssets: Deleting an ApkAssets object '<empty> and /data/app/~~BHNemFIM1fZ1oKoeqMRPGg==/com.google.android.gms-rXKOlq8vQBgidxNxO1ZIBA==/split_AdsDynamite_installtime.apk' with 1 weak references
09-18 15:36:41.599  5098  5105 W .apps.wellbeing: ApkAssets: Deleting an ApkAssets object '<empty> and /data/app/~~BHNemFIM1fZ1oKoeqMRPGg==/com.google.android.gms-rXKOlq8vQBgidxNxO1ZIBA==/split_CronetDynamite_installtime.apk' with 1 weak references
09-18 15:36:41.600  5098  5105 W .apps.wellbeing: ApkAssets: Deleting an ApkAssets object '<empty> and /data/app/~~BHNemFIM1fZ1oKoeqMRPGg==/com.google.android.gms-rXKOlq8vQBgidxNxO1ZIBA==/split_DynamiteLoader_installtime.apk' with 1 weak references
09-18 15:36:41.600  5098  5105 W .apps.wellbeing: ApkAssets: Deleting an ApkAssets object '<empty> and /data/app/~~BHNemFIM1fZ1oKoeqMRPGg==/com.google.android.gms-rXKOlq8vQBgidxNxO1ZIBA==/split_DynamiteModulesA_installtime.apk' with 1 weak references
09-18 15:36:41.600  5098  5105 W .apps.wellbeing: ApkAssets: Deleting an ApkAssets object '<empty> and /data/app/~~BHNemFIM1fZ1oKoeqMRPGg==/com.google.android.gms-rXKOlq8vQBgidxNxO1ZIBA==/split_DynamiteModulesC_installtime.apk' with 1 weak references
09-18 15:36:41.602  5098  5105 W .apps.wellbeing: ApkAssets: Deleting an ApkAssets object '<empty> and /data/app/~~BHNemFIM1fZ1oKoeqMRPGg==/com.google.android.gms-rXKOlq8vQBgidxNxO1ZIBA==/split_GoogleCertificates_installtime.apk' with 1 weak references
09-18 15:36:41.604  5098  5105 W .apps.wellbeing: ApkAssets: Deleting an ApkAssets object '<empty> and /data/app/~~BHNemFIM1fZ1oKoeqMRPGg==/com.google.android.gms-rXKOlq8vQBgidxNxO1ZIBA==/split_MapsDynamite_installtime.apk' with 1 weak references
09-18 15:36:41.605  5098  5105 W .apps.wellbeing: ApkAssets: Deleting an ApkAssets object '<empty> and /data/app/~~BHNemFIM1fZ1oKoeqMRPGg==/com.google.android.gms-rXKOlq8vQBgidxNxO1ZIBA==/split_MeasurementDynamite_installtime.apk' with 1 weak references
09-18 15:36:41.605  5098  5105 W .apps.wellbeing: ApkAssets: Deleting an ApkAssets object '<empty> and /data/app/~~BHNemFIM1fZ1oKoeqMRPGg==/com.google.android.gms-rXKOlq8vQBgidxNxO1ZIBA==/split_all_locale_splits.apk' with 1 weak references
09-18 15:36:41.609  5098  5105 W .apps.wellbeing: ApkAssets: Deleting an ApkAssets object '<empty> and /system_ext/priv-app/GoogleServicesFramework/GoogleServicesFramework.apk' with 1 weak references
09-18 15:36:41.615  5098  5105 W .apps.wellbeing: ApkAssets: Deleting an ApkAssets object '<empty> and /system/priv-app/TagGoogle/TagGoogle.apk' with 1 weak references
09-18 15:36:41.618  5098  5105 W .apps.wellbeing: ApkAssets: Deleting an ApkAssets object '<empty> and /product/app/GoogleTTS/GoogleTTS.apk' with 1 weak references
09-18 15:36:41.627  5098  5105 W .apps.wellbeing: ApkAssets: Deleting an ApkAssets object '<empty> and /system/priv-app/CallLogBackup/CallLogBackup.apk' with 1 weak references
09-18 15:36:41.642  5098  5105 W .apps.wellbeing: ApkAssets: Deleting an ApkAssets object '<empty> and /product/priv-app/PartnerSetupPrebuilt/PartnerSetupPrebuilt.apk' with 1 weak references
09-18 15:36:41.648  5098  5105 W .apps.wellbeing: ApkAssets: Deleting an ApkAssets object '<empty> and /system/app/CameraExtensionsProxy/CameraExtensionsProxy.apk' with 1 weak references
09-18 15:36:41.655  5098  5105 W .apps.wellbeing: ApkAssets: Deleting an ApkAssets object '<empty> and /product/app/NexusWallpapersStubPrebuilt2018/NexusWallpapersStubPrebuilt2018.apk' with 1 weak references
09-18 15:36:41.663  5098  5105 W .apps.wellbeing: ApkAssets: Deleting an ApkAssets object '<empty> and /system_ext/priv-app/NexusLauncherRelease/NexusLauncherRelease.apk' with 1 weak references
09-18 15:36:41.667  5098  5105 W .apps.wellbeing: ApkAssets: Deleting an ApkAssets object '<empty> and /system/app/CarrierDefaultApp/CarrierDefaultApp.apk' with 1 weak references
09-18 15:36:41.672  5098  5105 W .apps.wellbeing: ApkAssets: Deleting an ApkAssets object '<empty> and /system/priv-app/CredentialManager/CredentialManager.apk' with 1 weak references
09-18 15:36:41.676  5098  5105 W .apps.wellbeing: ApkAssets: Deleting an ApkAssets object '<empty> and /product/overlay/FontNotoSerifSource/FontNotoSerifSourceOverlay.apk' with 1 weak references
09-18 15:36:41.679  5098  5105 W .apps.wellbeing: ApkAssets: Deleting an ApkAssets object '<empty> and /system/priv-app/DeviceAsWebcam/DeviceAsWebcam.apk' with 1 weak references
09-18 15:36:41.681  5098  5105 W .apps.wellbeing: ApkAssets: Deleting an ApkAssets object '<empty> and /system/priv-app/ProxyHandler/ProxyHandler.apk' with 1 weak references
09-18 15:36:41.682  5098  5105 W .apps.wellbeing: ApkAssets: Deleting an ApkAssets object '<empty> and /apex/com.android.permission/priv-app/GoogleSafetyCenterResources@350820360/GoogleSafetyCenterResources.apk' with 1 weak references
09-18 15:36:41.691  5098  5105 W .apps.wellbeing: ApkAssets: Deleting an ApkAssets object '<empty> and /product/overlay/DisplayCutoutEmulationWaterfall/DisplayCutoutEmulationWaterfallOverlay.apk' with 1 weak references
09-18 15:36:41.695  5098  5105 W .apps.wellbeing: ApkAssets: Deleting an ApkAssets object '<empty> and /system/priv-app/IntentResolver/IntentResolver.apk' with 1 weak references
09-18 15:36:41.706  5098  5105 W .apps.wellbeing: ApkAssets: Deleting an ApkAssets object '<empty> and /product/overlay/TransparentNavigationBar/TransparentNavigationBarOverlay.apk' with 1 weak references
09-18 15:36:41.709  5098  5105 W .apps.wellbeing: ApkAssets: Deleting an ApkAssets object '<empty> and /system/priv-app/E2eeContactKeysProvider/E2eeContactKeysProvider.apk' with 1 weak references
09-18 15:36:41.712  5098  5105 W .apps.wellbeing: ApkAssets: Deleting an ApkAssets object '<empty> and /apex/com.android.tethering/priv-app/ServiceConnectivityResourcesGoogle@350820300/ServiceConnectivityResourcesGoogle.apk' with 1 weak references
09-18 15:36:41.714  5098  5105 W .apps.wellbeing: ApkAssets: Deleting an ApkAssets object '/vendor/overlay/goldfish_overlay_connectivity_google.apk' with 1 weak references
09-18 15:36:41.717  5098  5105 W .apps.wellbeing: ApkAssets: Deleting an ApkAssets object '<empty> and /system_ext/priv-app/GoogleFeedback/GoogleFeedback.apk' with 1 weak references
09-18 15:36:41.721  5098  5105 W .apps.wellbeing: ApkAssets: Deleting an ApkAssets object '<empty> and /system/app/GooglePrintRecommendationService/GooglePrintRecommendationService.apk' with 1 weak references
09-18 15:36:41.727  5098  5105 W .apps.wellbeing: ApkAssets: Deleting an ApkAssets object '<empty> and /product/app/Photos/Photos.apk' with 1 weak references
09-18 15:36:41.735  5098  5105 W .apps.wellbeing: ApkAssets: Deleting an ApkAssets object '<empty> and /product/app/CalendarGooglePrebuilt/CalendarGooglePrebuilt.apk' with 1 weak references
09-18 15:36:41.741  5098  5105 W .apps.wellbeing: ApkAssets: Deleting an ApkAssets object '<empty> and /system/priv-app/ManagedProvisioning/ManagedProvisioning.apk' with 1 weak references
09-18 15:36:41.743  5098  5105 W .apps.wellbeing: ApkAssets: Deleting an ApkAssets object '<empty> and /system/priv-app/SoundPicker/SoundPicker.apk' with 1 weak references
09-18 15:36:41.749  5098  5105 W .apps.wellbeing: ApkAssets: Deleting an ApkAssets object '<empty> and /system/priv-app/DocumentsUIGoogle/DocumentsUIGoogle.apk' with 1 weak references
09-18 15:36:41.755  5098  5105 W .apps.wellbeing: ApkAssets: Deleting an ApkAssets object '<empty> and /product/app/PrebuiltGoogleTelemetryTvp/PrebuiltGoogleTelemetryTvp.apk' with 1 weak references
09-18 15:36:41.757  5098  5105 W .apps.wellbeing: ApkAssets: Deleting an ApkAssets object '<empty> and /system_ext/priv-app/MultiDisplayProvider/MultiDisplayProvider.apk' with 1 weak references
09-18 15:36:41.761  5098  5105 W .apps.wellbeing: ApkAssets: Deleting an ApkAssets object '<empty> and /system/priv-app/DeviceDiagnostics/DeviceDiagnostics.apk' with 1 weak references
09-18 15:36:41.762  5098  5105 W .apps.wellbeing: ApkAssets: Deleting an ApkAssets object '/product/overlay/DeviceDiagnostics__sdk_gphone64_arm64__auto_generated_rro_product.apk' with 1 weak references
09-18 15:36:41.764  5098  5105 W .apps.wellbeing: ApkAssets: Deleting an ApkAssets object '<empty> and /product/overlay/NotesRoleEnabled/NotesRoleEnabledOverlay.apk' with 1 weak references
09-18 15:36:41.768  5098  5105 W .apps.wellbeing: ApkAssets: Deleting an ApkAssets object '<empty> and /system/priv-app/LiveWallpapersPicker/LiveWallpapersPicker.apk' with 1 weak references
09-18 15:36:41.771  5098  5105 W .apps.wellbeing: ApkAssets: Deleting an ApkAssets object '<empty> and /product/app/PrebuiltGoogleAdservicesTvp/PrebuiltGoogleAdservicesTvp.apk' with 1 weak references
09-18 15:36:41.773  5098  5105 W .apps.wellbeing: ApkAssets: Deleting an ApkAssets object '<empty> and /apex/com.android.healthfitness/priv-app/HealthConnectControllerGoogle@350820300/HealthConnectControllerGoogle.apk' with 1 weak references
09-18 15:36:41.777  5098  5105 W .apps.wellbeing: ApkAssets: Deleting an ApkAssets object '<empty> and /product/priv-app/KidsSupervisionStub/KidsSupervisionStub.apk' with 1 weak references
09-18 15:36:41.780  5098  5105 W .apps.wellbeing: ApkAssets: Deleting an ApkAssets object '<empty> and /system_ext/priv-app/StorageManager/StorageManager.apk' with 1 weak references
09-18 15:36:41.782  5098  5105 W .apps.wellbeing: ApkAssets: Deleting an ApkAssets object '/product/overlay/StorageManager__sdk_gphone64_arm64__auto_generated_rro_product.apk' with 1 weak references
09-18 15:36:41.785  5098  5105 W .apps.wellbeing: ApkAssets: Deleting an ApkAssets object '<empty> and /system/app/BookmarkProvider/BookmarkProvider.apk' with 1 weak references
09-18 15:36:41.789  5098  5105 W .apps.wellbeing: ApkAssets: Deleting an ApkAssets object '<empty> and /system_ext/priv-app/SettingsGoogle/SettingsGoogle.apk' with 1 weak references
09-18 15:36:41.792  5098  5105 W .apps.wellbeing: ApkAssets: Deleting an ApkAssets object '/product/overlay/SettingsGoogle__sdk_gphone64_arm64__auto_generated_rro_product.apk' with 1 weak references
09-18 15:36:41.796  5098  5105 W .apps.wellbeing: ApkAssets: Deleting an ApkAssets object '<empty> and /product/priv-app/SettingsIntelligenceGooglePrebuilt/SettingsIntelligenceGooglePrebuilt.apk' with 1 weak references
09-18 15:36:41.801  5098  5105 W .apps.wellbeing: ApkAssets: Deleting an ApkAssets object '<empty> and /apex/com.android.uwb/priv-app/ServiceUwbResourcesGoogle@350820300/ServiceUwbResourcesGoogle.apk' with 1 weak references
09-18 15:36:41.802  5098  5105 W .apps.wellbeing: ApkAssets: Deleting an ApkAssets object '<empty> and /apex/com.android.wifi/priv-app/ServiceWifiResourcesGoogle@350820300/ServiceWifiResourcesGoogle.apk' with 1 weak references
09-18 15:36:41.808  5098  5105 W .apps.wellbeing: ApkAssets: Deleting an ApkAssets object '<empty> and /system_ext/priv-app/ThemePicker/ThemePicker.apk' with 1 weak references
09-18 15:36:41.810  5098  5105 W .apps.wellbeing: ApkAssets: Deleting an ApkAssets object '<empty> and /system_ext/priv-app/WallpaperPickerGoogleRelease/WallpaperPickerGoogleRelease.apk' with 1 weak references
09-18 15:36:41.811  5098  5105 W .apps.wellbeing: ApkAssets: Deleting an ApkAssets object '<empty> and /product/priv-app/OdadPrebuilt/OdadPrebuilt.apk' with 1 weak references
09-18 15:36:41.812  5098  5105 W .apps.wellbeing: ApkAssets: Deleting an ApkAssets object '<empty> and /system/priv-app/TeleService/TeleService.apk' with 1 weak references
09-18 15:36:41.813  5098  5105 W .apps.wellbeing: ApkAssets: Deleting an ApkAssets object '/vendor/overlay/TeleService__sdk_gphone64_arm64__auto_generated_rro_vendor.apk' with 1 weak references
09-18 15:36:41.814  5098  5105 W .apps.wellbeing: ApkAssets: Deleting an ApkAssets object '/product/overlay/TeleService__sdk_gphone64_arm64__auto_generated_rro_product.apk' with 1 weak references
09-18 15:36:41.816  5098  5105 W .apps.wellbeing: ApkAssets: Deleting an ApkAssets object '<empty> and /system/priv-app/Shell/Shell.apk' with 1 weak references
09-18 15:36:41.819  5098  5105 W .apps.wellbeing: ApkAssets: Deleting an ApkAssets object '<empty> and /system/priv-app/BlockedNumberProvider/BlockedNumberProvider.apk' with 1 weak references
09-18 15:36:41.821  5098  5105 W .apps.wellbeing: ApkAssets: Deleting an ApkAssets object '<empty> and /system/priv-app/UserDictionaryProvider/UserDictionaryProvider.apk' with 1 weak references
09-18 15:36:41.824  5098  5105 W .apps.wellbeing: ApkAssets: Deleting an ApkAssets object '<empty> and /system_ext/app/EmergencyInfoGoogleNoUi/EmergencyInfoGoogleNoUi.apk' with 1 weak references
09-18 15:36:41.825  5098  5105 W .apps.wellbeing: ApkAssets: Deleting an ApkAssets object '<empty> and /product/overlay/NavigationBarModeGestural/NavigationBarModeGesturalOverlay.apk' with 1 weak references
09-18 15:36:41.828  5098  5105 W .apps.wellbeing: ApkAssets: Deleting an ApkAssets object '<empty> and /system/priv-app/FusedLocation/FusedLocation.apk' with 1 weak references
09-18 15:36:41.831  5098  5105 W .apps.wellbeing: ApkAssets: Deleting an ApkAssets object '<empty> and /system_ext/priv-app/SystemUIGoogle/SystemUIGoogle.apk' with 1 weak references
09-18 15:36:41.834  5098  5105 W .apps.wellbeing: ApkAssets: Deleting an ApkAssets object '/vendor/overlay/SystemUIGoogle__sdk_gphone64_arm64__auto_generated_rro_vendor.apk' with 1 weak references
09-18 15:36:41.835  5098  5105 W .apps.wellbeing: ApkAssets: Deleting an ApkAssets object '/product/overlay/SystemUIGoogle__sdk_gphone64_arm64__auto_generated_rro_product.apk' with 1 weak references
09-18 15:36:41.839  5098  5105 W .apps.wellbeing: ApkAssets: Deleting an ApkAssets object '<empty> and /product/app/YouTubeMusicPrebuilt/YouTubeMusicPrebuilt.apk' with 1 weak references
09-18 15:36:41.845  5098  5105 W .apps.wellbeing: ApkAssets: Deleting an ApkAssets object '<empty> and /system/app/BluetoothMidiService/BluetoothMidiService.apk' with 1 weak references
09-18 15:36:41.847  5098  5105 W .apps.wellbeing: ApkAssets: Deleting an ApkAssets object '<empty> and /system/app/Traceur/Traceur.apk' with 1 weak references
09-18 15:36:41.850  5098  5105 W .apps.wellbeing: ApkAssets: Deleting an ApkAssets object '<empty> and /apex/com.android.cellbroadcast/priv-app/GoogleCellBroadcastApp@350820300/GoogleCellBroadcastApp.apk' with 1 weak references
09-18 15:36:41.854  5098  5105 W .apps.wellbeing: ApkAssets: Deleting an ApkAssets object '<empty> and /system/priv-app/ContactsProvider/ContactsProvider.apk' with 1 weak references
09-18 15:36:41.854  5098  5105 W .apps.wellbeing: ApkAssets: Deleting an ApkAssets object '/product/overlay/ContactsProvider__sdk_gphone64_arm64__auto_generated_rro_product.apk' with 1 weak references
09-18 15:36:41.856  5098  5105 W .apps.wellbeing: ApkAssets: Deleting an ApkAssets object '<empty> and /product/app/LatinIMEGooglePrebuilt/LatinIMEGooglePrebuilt.apk' with 1 weak references
09-18 15:36:41.859  5098  5105 W .apps.wellbeing: ApkAssets: Deleting an ApkAssets object '<empty> and /product/priv-app/GoogleRestorePrebuilt-v526684/GoogleRestorePrebuilt-v526684.apk' with 1 weak references
09-18 15:36:42.055  5285  5285 I studio.deploy: Received request 'overlayinstall'
09-18 15:36:42.058  5285  5285 E studio.deploy: ERROR: MessagePipeWrapper: Cannot write (EOF)
09-18 15:36:42.058  5285  5285 E studio.deploy: ERROR: Unable to write magic number to pipe
09-18 15:36:42.123  5285  5285 E studio.deploy: ERROR: MessagePipeWrapper: Cannot read (EOF)
09-18 15:36:42.123  5285  5285 E studio.deploy: ERROR: MessagePipeWrapper: Unable to read magic number (received= '
