09-18 15:36:42.123  5285  5285 E studio.deploy: ERROR: Protopipe: Unable to read() from pipe
09-18 15:36:42.232  5446  5446 W run-as  : type=1400 audit(0.0:737): avc:  granted  { execute } for  name="install_server-4aa0b38c" dev="dm-44" ino=353418 scontext=u:r:runas_app:s0:c208,c256,c512,c768 tcontext=u:object_r:app_data_file:s0:c208,c256,c512,c768 tclass=file app=com.timidgiraffe.practix.android
09-18 15:36:42.236  5446  5446 W install_server-: type=1400 audit(0.0:738): avc:  granted  { execute } for  path="/data/data/com.timidgiraffe.practix.android/code_cache/install_server-4aa0b38c" dev="dm-44" ino=353418 scontext=u:r:runas_app:s0:c208,c256,c512,c768 tcontext=u:object_r:app_data_file:s0:c208,c256,c512,c768 tclass=file app=com.timidgiraffe.practix.android
09-18 15:36:42.406  5446  5446 E studio.deploy: ERROR: Could not remove dir '/data/data/com.timidgiraffe.practix.android/code_cache/.ll/': No such file or directory
09-18 15:36:42.486   607  1194 I ActivityManager: Force stopping com.timidgiraffe.practix.android appid=10208 user=0: from pid 5451
09-18 15:36:42.515  1054  1054 D CarrierSvcBindHelper: onHandleForceStop: [com.timidgiraffe.practix.android]
09-18 15:36:42.516  1054  1054 D CarrierSvcBindHelper: No carrier app for: 0
09-18 15:36:42.555  5454  5454 E Parcel  : Reading a NULL string not supported here.
09-18 15:36:42.567  5454  5454 E IPCThreadState: Binder transaction failure. id: 313434, BR_*: 29201, error: -1 (Operation not permitted)
09-18 15:36:42.567  5454  5454 E IPCThreadState: Binder transaction failure. id: 313438, BR_*: 29201, error: -1 (Operation not permitted)
09-18 15:36:42.568  5454  5454 E IPCThreadState: Binder transaction failure. id: 313442, BR_*: 29201, error: -1 (Operation not permitted)
09-18 15:36:42.568  5454  5454 E IPCThreadState: Binder transaction failure. id: 313446, BR_*: 29201, error: -1 (Operation not permitted)
09-18 15:36:42.560  5454  5454 W service : type=1400 audit(0.0:739): avc:  denied  { call } for  scontext=u:r:shell:s0 tcontext=u:r:hal_authsecret_default:s0 tclass=binder permissive=0
09-18 15:36:42.564  5454  5454 W service : type=1400 audit(0.0:740): avc:  denied  { call } for  scontext=u:r:shell:s0 tcontext=u:r:hal_face_default:s0 tclass=binder permissive=0
09-18 15:36:42.564  5454  5454 W service : type=1400 audit(0.0:741): avc:  denied  { call } for  scontext=u:r:shell:s0 tcontext=u:r:hal_fingerprint_default:s0 tclass=binder permissive=0
09-18 15:36:42.564  5454  5454 W service : type=1400 audit(0.0:742): avc:  denied  { call } for  scontext=u:r:shell:s0 tcontext=u:r:hal_bluetooth_default:s0 tclass=binder permissive=0
09-18 15:36:42.564  5454  5454 W service : type=1400 audit(0.0:743): avc:  denied  { call } for  scontext=u:r:shell:s0 tcontext=u:r:hal_audio_default:s0 tclass=binder permissive=0
09-18 15:36:42.568  5454  5454 E IPCThreadState: Binder transaction failure. id: 313450, BR_*: 29201, error: -1 (Operation not permitted)
09-18 15:36:42.568  5454  5454 E IPCThreadState: Binder transaction failure. id: 313454, BR_*: 29201, error: -1 (Operation not permitted)
09-18 15:36:42.564  5454  5454 W service : type=1400 audit(0.0:744): avc:  denied  { call } for  scontext=u:r:shell:s0 tcontext=u:r:hal_camera_default:s0 tclass=binder permissive=0
09-18 15:36:42.564  5454  5454 W service : type=1400 audit(0.0:745): avc:  denied  { call } for  scontext=u:r:shell:s0 tcontext=u:r:hal_camera_default:s0 tclass=binder permissive=0
09-18 15:36:42.569  5454  5454 E IPCThreadState: Binder transaction failure. id: 313458, BR_*: 29201, error: -1 (Operation not permitted)
09-18 15:36:42.570  5454  5454 E IPCThreadState: Binder transaction failure. id: 313467, BR_*: 29201, error: -1 (Operation not permitted)
09-18 15:36:42.572  5454  5454 E IPCThreadState: Binder transaction failure. id: 313476, BR_*: 29201, error: -1 (Operation not permitted)
09-18 15:36:42.572  5454  5454 E IPCThreadState: Binder transaction failure. id: 313480, BR_*: 29201, error: -1 (Operation not permitted)
09-18 15:36:42.572  5454  5454 E IPCThreadState: Binder transaction failure. id: 313484, BR_*: 29201, error: -1 (Operation not permitted)
09-18 15:36:42.573  5454  5454 E IPCThreadState: Binder transaction failure. id: 313488, BR_*: 29201, error: -1 (Operation not permitted)
09-18 15:36:42.573  5454  5454 E IPCThreadState: Binder transaction failure. id: 313492, BR_*: 29201, error: -1 (Operation not permitted)
09-18 15:36:42.577  5454  5454 E IPCThreadState: Binder transaction failure. id: 313516, BR_*: 29201, error: -1 (Operation not permitted)
09-18 15:36:42.577  5454  5454 E IPCThreadState: Binder transaction failure. id: 313520, BR_*: 29201, error: -1 (Operation not permitted)
09-18 15:36:42.578  5454  5454 E IPCThreadState: Binder transaction failure. id: 313524, BR_*: 29201, error: -1 (Operation not permitted)
09-18 15:36:42.578  5454  5454 E IPCThreadState: Binder transaction failure. id: 313528, BR_*: 29201, error: -1 (Operation not permitted)
09-18 15:36:42.578  5454  5454 E IPCThreadState: Binder transaction failure. id: 313532, BR_*: 29201, error: -1 (Operation not permitted)
09-18 15:36:42.579  5454  5454 E IPCThreadState: Binder transaction failure. id: 313536, BR_*: 29201, error: -1 (Operation not permitted)
09-18 15:36:42.579  5454  5454 E IPCThreadState: Binder transaction failure. id: 313540, BR_*: 29201, error: -1 (Operation not permitted)
09-18 15:36:42.579  5454  5454 E IPCThreadState: Binder transaction failure. id: 313544, BR_*: 29201, error: -1 (Operation not permitted)
09-18 15:36:42.580  5454  5454 E IPCThreadState: Binder transaction failure. id: 313548, BR_*: 29201, error: -1 (Operation not permitted)
09-18 15:36:42.580  5454  5454 E IPCThreadState: Binder transaction failure. id: 313552, BR_*: 29201, error: -1 (Operation not permitted)
09-18 15:36:42.580  5454  5454 E IPCThreadState: Binder transaction failure. id: 313556, BR_*: 29201, error: -1 (Operation not permitted)
09-18 15:36:42.580  5454  5454 E IPCThreadState: Binder transaction failure. id: 313560, BR_*: 29201, error: -1 (Operation not permitted)
09-18 15:36:42.582  5454  5454 E IPCThreadState: Binder transaction failure. id: 313576, BR_*: 29201, error: -1 (Operation not permitted)
09-18 15:36:42.583  5454  5454 E IPCThreadState: Binder transaction failure. id: 313580, BR_*: 29201, error: -1 (Operation not permitted)
09-18 15:36:42.583  5454  5454 E IPCThreadState: Binder transaction failure. id: 313584, BR_*: 29201, error: -1 (Operation not permitted)
09-18 15:36:42.584  5454  5454 E IPCThreadState: Binder transaction failure. id: 313588, BR_*: 29201, error: -1 (Operation not permitted)
09-18 15:36:42.584  5454  5454 E IPCThreadState: Binder transaction failure. id: 313592, BR_*: 29201, error: -1 (Operation not permitted)
09-18 15:36:42.584  5454  5454 E IPCThreadState: Binder transaction failure. id: 313596, BR_*: 29201, error: -1 (Operation not permitted)
09-18 15:36:42.588  5454  5454 E IPCThreadState: Binder transaction failure. id: 313642, BR_*: 29201, error: -1 (Operation not permitted)
09-18 15:36:42.588  5454  5454 E IPCThreadState: Binder transaction failure. id: 313646, BR_*: 29201, error: -1 (Operation not permitted)
09-18 15:36:42.589  5454  5454 E Parcel  : Reading a NULL string not supported here.
09-18 15:36:42.591  5454  5454 E IPCThreadState: Binder transaction failure. id: 313685, BR_*: 29201, error: -1 (Operation not permitted)
09-18 15:36:42.594  5454  5454 E Parcel  : Reading a NULL string not supported here.
09-18 15:36:42.595  5454  5454 E Parcel  : Reading a NULL string not supported here.
09-18 15:36:42.596  5454  5454 E Parcel  : Reading a NULL string not supported here.
09-18 15:36:42.600  5454  5454 E Parcel  : Reading a NULL string not supported here.
09-18 15:36:42.602  5454  5454 E Parcel  : Reading a NULL string not supported here.
09-18 15:36:42.603  5454  5454 E Parcel  : Reading a NULL string not supported here.
09-18 15:36:42.605  5454  5454 E Parcel  : Reading a NULL string not supported here.
09-18 15:36:42.606  5454  5454 E Parcel  : Reading a NULL string not supported here.
09-18 15:36:42.609  5454  5454 E Parcel  : Reading a NULL string not supported here.
09-18 15:36:42.612  5454  5454 E Parcel  : Reading a NULL string not supported here.
09-18 15:36:42.620  5454  5454 E Parcel  : Reading a NULL string not supported here.
09-18 15:36:42.622  5454  5454 E Parcel  : Reading a NULL string not supported here.
09-18 15:36:42.634  5454  5454 E Parcel  : Reading a NULL string not supported here.
09-18 15:36:42.641  5454  5454 E Parcel  : Reading a NULL string not supported here.
09-18 15:36:42.655  5454  5454 E Parcel  : Reading a NULL string not supported here.
09-18 15:36:42.663  5454  5454 E Parcel  : Reading a NULL string not supported here.
09-18 15:36:42.675  5454  5454 E Parcel  : Reading a NULL string not supported here.
09-18 15:36:42.677  5454  5454 E Parcel  : Reading a NULL string not supported here.
09-18 15:36:42.696  5454  5454 E IPCThreadState: Binder transaction failure. id: 314748, BR_*: 29201, error: -1 (Operation not permitted)
09-18 15:36:42.829   607  1194 W ActivityTaskManager: callingPackage for (uid=2000, pid=5458) has no WPC
09-18 15:36:42.847   607  1194 D CompatChangeReporter: Compat change id reported: 151861875; UID 10208; state: ENABLED
09-18 15:36:42.850   607  1194 W OptProp : Cannot read opt property android.window.PROPERTY_COMPAT_ALLOW_USER_ASPECT_RATIO_OVERRIDE
09-18 15:36:42.851   607  1194 W OptProp : Cannot read opt property android.window.PROPERTY_COMPAT_ALLOW_USER_ASPECT_RATIO_FULLSCREEN_OVERRIDE
09-18 15:36:42.851   607  1194 W OptProp : Cannot read opt property android.window.PROPERTY_COMPAT_ALLOW_ORIENTATION_OVERRIDE
09-18 15:36:42.859   607  1194 V GrammaticalInflectionUtils: AttributionSource: android.content.AttributionSource@2c1a53e does not have READ_SYSTEM_GRAMMATICAL_GENDER permission.
09-18 15:36:42.861   607  1194 W OptProp : Cannot read opt property android.window.PROPERTY_COMPAT_ALLOW_RESIZEABLE_ACTIVITY_OVERRIDES
09-18 15:36:42.863   607  1194 W OptProp : Cannot read opt property android.window.PROPERTY_COMPAT_ALLOW_MIN_ASPECT_RATIO_OVERRIDE
09-18 15:36:42.977   941  1034 V WindowManagerShell: Transition requested (#30): android.os.BinderProxy@5fbcdf5 TransitionRequestInfo { type = OPEN, triggerTask = TaskInfo{userId=0 taskId=70 displayId=0 isRunning=true baseIntent=Intent { act=android.intent.action.MAIN cat=[android.intent.category.LAUNCHER] flg=0x10000000 cmp=com.timidgiraffe.practix.android/.MainActivity } baseActivity=ComponentInfo{com.timidgiraffe.practix.android/com.timidgiraffe.practix.android.MainActivity} topActivity=ComponentInfo{com.timidgiraffe.practix.android/com.timidgiraffe.practix.android.MainActivity} origActivity=null realActivity=ComponentInfo{com.timidgiraffe.practix.android/com.timidgiraffe.practix.android.MainActivity} numActivities=1 lastActiveTime=1292511 supportsMultiWindow=true resizeMode=1 isResizeable=true minWidth=-1 minHeight=-1 defaultMinSize=220 token=WCT{android.window.IWindowContainerToken$Stub$Proxy@575878a} topActivityType=1 pictureInPictureParams=null shouldDockBigOverlays=false launchIntoPipHostTaskId=-1 lastParentTaskIdBeforePip=-1 displayCutoutSafeInsets=null topActivityInfo=ActivityInfo{112f1fb com.timidgiraffe.practix.android.MainActivity} launchCookies=[] positionInParent=Point(0, 0) parentTaskId=-1 isFocused=false isVisible=false isVisibleRequested=false isSleeping=false locusId=null displayAreaFeatureId=1 isTopActivityTransparent=false appCompatTaskInfo=AppCompatTaskInfo { topActivityInSizeCompat=false topActivityEligibleForLetterboxEducation= falseisLetterboxEducationEnabled= true isLetterboxDoubleTapEnabled= false topActivityEligibleForUserAspectRatioButton= false topActivityBoundsLetterboxed= false isFromLetterboxDoubleTap= false topActivityLetterboxVerticalPosition= -1 topActivityLetterboxHorizontalPosition= -1 topActivityLetterboxWidth=720 topActivityLetterboxHeight=1280 isUserFullscreenOverrideEnabled=false isSystemFullscreenOverrideEnabled=false cameraCompatTaskInfo=CameraCompatTaskInfo { cameraCompatControlState=hidden freeformCameraCompatMode=inactive}}}, pipTask = null, remoteTransition = null, displayChange = null, flags = 0, debugId = 30 }
09-18 15:36:42.991   607  1194 I ActivityTaskManager: START u0 {act=android.intent.action.MAIN cat=[android.intent.category.LAUNCHER] flg=0x10000000 cmp=com.timidgiraffe.practix.android/.MainActivity} with LAUNCH_MULTIPLE from uid 2000 (BAL_ALLOW_PERMISSION) result code=0
09-18 15:36:42.994   607   976 D CompatChangeReporter: Compat change id reported: 309578419; UID 10208; state: ENABLED
09-18 15:36:43.010   607   662 V GrammaticalInflectionUtils: AttributionSource: android.content.AttributionSource@2c1a53e does not have READ_SYSTEM_GRAMMATICAL_GENDER permission.
09-18 15:36:43.107  1235  1235 W SplitSelectStateCtor: Missing session instanceIds
09-18 15:36:43.109  1235  1235 D StatsLog: LAUNCHER_SPLIT_SELECTION_EXIT_INTERRUPTED
09-18 15:36:43.191   410   410 I BpBinder: onLastStrongRef automatically unlinking death recipients: 
09-18 15:36:43.334   370   370 D Zygote  : Forked child process 5461
09-18 15:36:43.339   607   679 W ActivityManager: Slow operation: 328ms so far, now at startProcess: returned from zygote!
09-18 15:36:43.340   607   679 W ActivityManager: Slow operation: 329ms so far, now at startProcess: done updating battery stats
09-18 15:36:43.344   607   679 W ActivityManager: Slow operation: 333ms so far, now at startProcess: building log message
09-18 15:36:43.345   607   679 I ActivityManager: Start proc 5461:com.timidgiraffe.practix.android/u0a208 for next-top-activity {com.timidgiraffe.practix.android/com.timidgiraffe.practix.android.MainActivity}
09-18 15:36:43.345   607   679 W ActivityManager: Slow operation: 334ms so far, now at startProcess: starting to update pids map
09-18 15:36:43.349  1235  1235 I TopTaskTracker: onTaskMovedToFront: (moved taskInfo to front) taskId=70, baseIntent=Intent { act=android.intent.action.MAIN cat=[android.intent.category.LAUNCHER] flg=0x10000000 cmp=com.timidgiraffe.practix.android/.MainActivity }
09-18 15:36:43.361   607   679 W ActivityManager: Slow operation: 350ms so far, now at startProcess: done updating pids map
09-18 15:36:43.424   941  1034 D WindowManagerShell: setLauncherKeepClearAreaHeight: visible=false, height=350
09-18 15:36:43.429   607  1194 D CoreBackPreview: Window{70f03e1 u0 Splash Screen com.timidgiraffe.practix.android}: Setting back callback OnBackInvokedCallbackInfo{mCallback=android.window.IOnBackInvokedCallback$Stub$Proxy@8cf6960, mPriority=0, mIsAnimationCallback=false}
09-18 15:36:43.591   607  1194 D ConnectivityService: requestNetwork for uid/pid:10145/2358 activeRequest: null callbackRequest: 188 [NetworkRequest [ REQUEST id=188, [ Transports: CELLULAR Capabilities: INTERNET&NOT_RESTRICTED&TRUSTED&NOT_VPN&NOT_VCN_MANAGED&NOT_BANDWIDTH_CONSTRAINED Forbidden: LOCAL_NETWORK Uid: 10145 RequestorUid: 10145 RequestorPkg: com.google.android.googlequicksearchbox UnderlyingNetworks: Null] ]] callback flags: 0 order: 2147483647 isUidTracked: false
09-18 15:36:43.624  5461  5461 I practix.android: Late-enabling -Xcheck:jni
09-18 15:36:43.713   607   812 W IPCThreadState: Sending oneway calls to frozen process.
09-18 15:36:43.713   607   812 W IPCThreadState: Sending oneway calls to frozen process.
09-18 15:36:43.719   607   812 W IPCThreadState: Sending oneway calls to frozen process.
09-18 15:36:43.720   607   812 W IPCThreadState: Sending oneway calls to frozen process.
09-18 15:36:43.722   607   812 W IPCThreadState: Sending oneway calls to frozen process.
09-18 15:36:43.722   607   812 W IPCThreadState: Sending oneway calls to frozen process.
09-18 15:36:43.727   607   812 D ConnectivityService: NetReassign [188 : null  101] [c 3] [a 108] [i 4]
09-18 15:36:43.727   607   812 D ConnectivityService: reportNetworkConnectivity(100, false) by 10145
09-18 15:36:43.759  1000  1694 D NetworkMonitor/100: Forcing reevaluation for UID 10145. Dns signal count: 0
09-18 15:36:43.841  1000  5465 D TrafficStats: tagSocket(85) with statsTag=0xffffff81, statsUid=-1
09-18 15:36:43.842  1000  5464 D TrafficStats: tagSocket(130) with statsTag=0xffffff81, statsUid=-1
09-18 15:36:43.859  1000  5465 D TrafficStats: tagSocket(85) with statsTag=0xffffff81, statsUid=-1
09-18 15:36:43.861   607   659 V WindowManager: Sent Transition (#30) createdAt=09-18 15:36:42.872 via request=TransitionRequestInfo { type = OPEN, triggerTask = TaskInfo{userId=0 taskId=70 displayId=0 isRunning=true baseIntent=Intent { act=android.intent.action.MAIN cat=[android.intent.category.LAUNCHER] flg=0x10000000 cmp=com.timidgiraffe.practix.android/.MainActivity } baseActivity=ComponentInfo{com.timidgiraffe.practix.android/com.timidgiraffe.practix.android.MainActivity} topActivity=ComponentInfo{com.timidgiraffe.practix.android/com.timidgiraffe.practix.android.MainActivity} origActivity=null realActivity=ComponentInfo{com.timidgiraffe.practix.android/com.timidgiraffe.practix.android.MainActivity} numActivities=1 lastActiveTime=1292511 supportsMultiWindow=true resizeMode=1 isResizeable=true minWidth=-1 minHeight=-1 defaultMinSize=220 token=WCT{RemoteToken{219b2d5 Task{1a3be2e #70 type=standard A=10208:com.timidgiraffe.practix.android}}} topActivityType=1 pictureInPictureParams=null shouldDockBigOverlays=false launchIntoPipHostTaskId=-1 lastParentTaskIdBeforePip=-1 displayCutoutSafeInsets=null topActivityInfo=ActivityInfo{f2c3aea com.timidgiraffe.practix.android.MainActivity} launchCookies=[] positionInParent=Point(0, 0) parentTaskId=-1 isFocused=false isVisible=false isVisibleRequested=false isSleeping=false locusId=null displayAreaFeatureId=1 isTopActivityTransparent=false appCompatTaskInfo=AppCompatTaskInfo { topActivityInSizeCompat=false topActivityEligibleForLetterboxEducation= falseisLetterboxEducationEnabled= true isLetterboxDoubleTapEnabled= false topActivityEligibleForUserAspectRatioButton= false topActivityBoundsLetterboxed= false isFromLetterboxDoubleTap= false topActivityLetterboxVerticalPosition= -1 topActivityLetterboxHorizontalPosition= -1 topActivityLetterboxWidth=720 topActivityLetterboxHeight=1280 isUserFullscreenOverrideEnabled=false isSystemFullscreenOverrideEnabled=false cameraCompatTaskInfo=CameraCompatTaskInfo { cameraCompatControlState=hidden freeformCameraCompatMode=inactive}}}, pipTask = null, remoteTransition = null, displayChange = null, flags = 0, debugId = 30 }
09-18 15:36:43.862   607   659 V WindowManager:     startWCT=WindowContainerTransaction { changes = {} hops = [] errorCallbackToken=null taskFragmentOrganizer=null }
09-18 15:36:43.864  1000  5464 D TrafficStats: tagSocket(94) with statsTag=0xffffff81, statsUid=-1
09-18 15:36:43.880   607   659 V WindowManager:     info={id=30 t=OPEN f=0x0 trk=0 r=[0@Point(0, 0)] c=[
09-18 15:36:43.880   607   659 V WindowManager:         {WCT{RemoteToken{219b2d5 Task{1a3be2e #70 type=standard A=10208:com.timidgiraffe.practix.android}}} m=OPEN f=NONE leash=Surface(name=Task=70)/@0x6ec28bf sb=Rect(0, 0 - 720, 1280) eb=Rect(0, 0 - 720, 1280) d=0 taskParent=-1},
09-18 15:36:43.880   607   659 V WindowManager:         {WCT{RemoteToken{8ca43d2 Task{b2c7ddd #1 type=home}}} m=TO_BACK f=SHOW_WALLPAPER leash=Surface(name=Task=1)/@0x7f3a121 sb=Rect(0, 0 - 720, 1280) eb=Rect(0, 0 - 720, 1280) d=0 taskParent=-1}
09-18 15:36:43.880   607   659 V WindowManager:     ]}
09-18 15:36:43.898  1000  1000 D TrafficStats: tagSocket(85) with statsTag=0xffffffff, statsUid=-1
09-18 15:36:43.912  1000  1000 D TrafficStats: tagSocket(85) with statsTag=0xffffffff, statsUid=-1
09-18 15:36:43.915  1000  1000 D TrafficStats: tagSocket(85) with statsTag=0xffffffff, statsUid=-1
09-18 15:36:43.915  1000  1000 D TrafficStats: tagSocket(85) with statsTag=0xffffffff, statsUid=-1
09-18 15:36:43.916  1000  1000 D TrafficStats: tagSocket(85) with statsTag=0xffffffff, statsUid=-1
09-18 15:36:43.917  1000  5464 D NetworkMonitor/100: PROBE_DNS www.google.com 74ms OK 2607:f8b0:4002:c00::93,2607:f8b0:4002:c00::67,2607:f8b0:4002:c00::63,2607:f8b0:4002:c00::68
09-18 15:36:43.920  1000  5465 D NetworkMonitor/100: PROBE_DNS connectivitycheck.gstatic.com 62ms OK 2607:f8b0:4002:c06::5e
09-18 15:36:43.923   941   969 V WindowManagerShell: onTransitionReady(transaction=2607045150075)
09-18 15:36:43.976   607  1194 W UserManagerService: Requested status bar icon for non-badged user 0
09-18 15:36:43.979   941  1034 V WindowManagerShell: onTransitionReady (#30) android.os.BinderProxy@5fbcdf5: {id=30 t=OPEN f=0x0 trk=0 r=[0@Point(0, 0)] c=[{WCT{android.window.IWindowContainerToken$Stub$Proxy@746e73a} m=OPEN f=NONE leash=Surface(name=Task=70)/@0xf13962e sb=Rect(0, 0 - 720, 1280) eb=Rect(0, 0 - 720, 1280) d=0 taskParent=-1},{WCT{android.window.IWindowContainerToken$Stub$Proxy@4804feb} m=TO_BACK f=SHOW_WALLPAPER leash=Surface(name=Task=1)/@0x8ad25cf sb=Rect(0, 0 - 720, 1280) eb=Rect(0, 0 - 720, 1280) d=0 taskParent=-1}]}
09-18 15:36:43.985   941  1034 V WindowManagerShell: Playing animation for (#30) android.os.BinderProxy@5fbcdf5@0
09-18 15:36:43.986   941  1034 V WindowManagerShell:  try handler com.android.wm.shell.transition.DefaultMixedHandler@839756
09-18 15:36:43.986   941  1034 V WindowManagerShell:  try handler com.android.wm.shell.keyguard.KeyguardTransitionHandler@2a7d3d7
09-18 15:36:43.986   941  1034 V WindowManagerShell:  try handler com.android.wm.shell.pip.PipTransition@34ae4c4
09-18 15:36:43.988  1000  5465 D TrafficStats: tagSocket(85) with statsTag=0xffffff81, statsUid=-1
09-18 15:36:43.991  1000  5464 D TrafficStats: tagSocket(94) with statsTag=0xffffff81, statsUid=-1
09-18 15:36:43.998   941  1034 V WindowManagerShell:  try handler com.android.wm.shell.activityembedding.ActivityEmbeddingController@c2f4fad
09-18 15:36:44.004   941  1034 V WindowManagerShell:  try handler com.android.wm.shell.recents.RecentsTransitionHandler@739d2e2
09-18 15:36:44.004   941  1034 V ShellRecents: RecentsTransitionHandler.startAnimation: no controller found
09-18 15:36:44.004   941  1034 V WindowManagerShell:  try handler com.android.wm.shell.splitscreen.StageCoordinator@eabd673
09-18 15:36:44.008   941  1034 V WindowManagerShell:  try handler com.android.wm.shell.transition.RemoteTransitionHandler@a738930
09-18 15:36:44.009   941  1034 V WindowManagerShell: Transition doesn't have explicit remote, search filters for match for {id=30 t=OPEN f=0x0 trk=0 r=[0@Point(0, 0)] c=[{WCT{android.window.IWindowContainerToken$Stub$Proxy@746e73a} m=OPEN f=NONE leash=Surface(name=Task=70)/@0xf13962e sb=Rect(0, 0 - 720, 1280) eb=Rect(0, 0 - 720, 1280) d=0 taskParent=-1},{WCT{android.window.IWindowContainerToken$Stub$Proxy@4804feb} m=TO_BACK f=SHOW_WALLPAPER leash=Surface(name=Task=1)/@0x8ad25cf sb=Rect(0, 0 - 720, 1280) eb=Rect(0, 0 - 720, 1280) d=0 taskParent=-1}]}
09-18 15:36:44.012   941  1034 V WindowManagerShell:  Checking filter Pair{{types=[] flags=0x0] notFlags=0x0 checks=[{atype=undefined independent=true modes=[OPEN,TO_FRONT] flags=IN_TASK_WITH_EMBEDDED_ACTIVITY mustBeTask=false order=ANY topActivity=ComponentInfo{com.google.android.apps.nexuslauncher/com.google.android.apps.nexuslauncher.NexusLauncherActivity} launchCookie=null},{atype=undefined independent=true modes=[CLOSE,TO_BACK] flags=IN_TASK_WITH_EMBEDDED_ACTIVITY mustBeTask=false order=ANY topActivity=null launchCookie=null}]} RemoteTransition { remoteTransition = android.window.IRemoteTransition$Stub$Proxy@5802a34, appThread = android.app.IApplicationThread$Stub$Proxy@ca6005d, debugName = OverlaySwipeBack }}
09-18 15:36:44.018   941  1034 V WindowManagerShell:  Checking filter Pair{{types=[] flags=0x0] notFlags=0x0 checks=[{atype=dream independent=true modes=[OPEN,TO_FRONT] flags=NONE mustBeTask=false order=ANY topActivity=null launchCookie=null},{atype=home independent=true modes=[CLOSE,TO_BACK] flags=NONE mustBeTask=false order=ANY topActivity=null launchCookie=null}]} RemoteTransition { remoteTransition = android.window.IRemoteTransition$Stub$Proxy@bb8add2, appThread = android.app.IApplicationThread$Stub$Proxy@5042ea3, debugName = LauncherToDream }}
09-18 15:36:44.018   941  1034 V WindowManagerShell:  Checking filter Pair{{types=[] flags=0x0] notFlags=0x100 checks=[{atype=home independent=true modes=[OPEN,TO_FRONT] flags=NONE mustBeTask=false order=TOP topActivity=ComponentInfo{com.google.android.apps.nexuslauncher/com.google.android.apps.nexuslauncher.NexusLauncherActivity} launchCookie=null},{atype=standard independent=true modes=[CLOSE,TO_BACK] flags=NONE mustBeTask=false order=ANY topActivity=null launchCookie=null}]} RemoteTransition { remoteTransition = android.window.IRemoteTransition$Stub$Proxy@e0fb5a0, appThread = android.app.IApplicationThread$Stub$Proxy@fc74559, debugName = QuickstepLaunchHome }}
09-18 15:36:44.018   941  1034 V WindowManagerShell:  Delegate animation for (#30) to null
09-18 15:36:44.018   941  1034 V WindowManagerShell:  try handler com.android.wm.shell.transition.DefaultTransitionHandler@21e39a9
09-18 15:36:44.020   941  1034 V WindowManagerShell: start default transition animation, info = {id=30 t=OPEN f=0x0 trk=0 r=[0@Point(0, 0)] c=[{WCT{android.window.IWindowContainerToken$Stub$Proxy@746e73a} m=OPEN f=NONE leash=Surface(name=Task=70)/@0xf13962e sb=Rect(0, 0 - 720, 1280) eb=Rect(0, 0 - 720, 1280) d=0 taskParent=-1},{WCT{android.window.IWindowContainerToken$Stub$Proxy@4804feb} m=TO_BACK f=SHOW_WALLPAPER leash=Surface(name=Task=1)/@0x8ad25cf sb=Rect(0, 0 - 720, 1280) eb=Rect(0, 0 - 720, 1280) d=0 taskParent=-1}]}
09-18 15:36:44.026   941  1034 V WindowManagerShell: loadAnimation: anim=android.view.animation.AnimationSet@62c3d06 animAttr=0x13 type=OPEN isEntrance=false
09-18 15:36:44.035   941  1034 V WindowManagerShell: loadAnimation: anim=android.view.animation.AnimationSet@411ffc7 animAttr=0x12 type=OPEN isEntrance=true
09-18 15:36:44.045   941  1034 V WindowManagerShell:  animated by com.android.wm.shell.transition.DefaultTransitionHandler@21e39a9
09-18 15:36:44.054  1235  1769 D EGL_emulation: app_time_stats: avg=7389.17ms min=1.63ms max=154867.83ms count=21
09-18 15:36:44.069   410   410 E SurfaceFlinger: Out of order buffers detected for RequestedLayerState{com.google.android.apps.nexuslauncher/com.google.android.apps.nexuslauncher.NexusLauncherActivity#99 parentId=95} producedId=12 frameNumber=306 -> producedId=12 frameNumber=22
09-18 15:36:44.083   410   410 E SurfaceFlinger: Out of order buffers detected for RequestedLayerState{com.google.android.apps.nexuslauncher/com.google.android.apps.nexuslauncher.NexusLauncherActivity#99 parentId=95} producedId=12 frameNumber=306 -> producedId=12 frameNumber=23
09-18 15:36:44.098  1000  5465 D NetworkMonitor/100: PROBE_HTTP http://connectivitycheck.gstatic.com/generate_204 time=129ms ret=204 request={Connection=[close], User-Agent=[Mozilla/5.0 (X11; Linux x86_64) AppleWebKit/537.36 (KHTML, like Gecko) Chrome/60.0.3112.32 Safari/537.36]} headers={null=[HTTP/1.1 204 No Content], Connection=[close], Content-Length=[0], Cross-Origin-Resource-Policy=[cross-origin], Date=[Thu, 18 Sep 2025 20:36:44 GMT], X-Android-Received-Millis=[1758227804098], X-Android-Response-Source=[NETWORK 204], X-Android-Selected-Protocol=[http/1.1], X-Android-Sent-Millis=[1758227804049]}
09-18 15:36:44.100   410   410 E SurfaceFlinger: Out of order buffers detected for RequestedLayerState{com.google.android.apps.nexuslauncher/com.google.android.apps.nexuslauncher.NexusLauncherActivity#99 parentId=95} producedId=12 frameNumber=306 -> producedId=12 frameNumber=24
09-18 15:36:44.170  1235  1769 D EGL_emulation: app_time_stats: avg=9134.45ms min=0.85ms max=154938.97ms count=17
09-18 15:36:44.183   410   410 E SurfaceFlinger: Out of order buffers detected for RequestedLayerState{com.google.android.apps.nexuslauncher/com.google.android.apps.nexuslauncher.NexusLauncherActivity#99 parentId=95} producedId=12 frameNumber=306 -> producedId=12 frameNumber=25
09-18 15:36:44.274  1000  5464 D NetworkMonitor/100: PROBE_HTTPS https://www.google.com/generate_204 time=305ms ret=204 request={Connection=[close], User-Agent=[Mozilla/5.0 (X11; Linux x86_64) AppleWebKit/537.36 (KHTML, like Gecko) Chrome/60.0.3112.32 Safari/537.36]} headers={null=[HTTP/1.1 204 No Content], Alt-Svc=[h3=":443"; ma=2592000,h3-29=":443"; ma=2592000], Connection=[close], Content-Length=[0], Cross-Origin-Resource-Policy=[cross-origin], Date=[Thu, 18 Sep 2025 20:36:44 GMT], X-Android-Received-Millis=[1758227804272], X-Android-Response-Source=[NETWORK 204], X-Android-Selected-Protocol=[http/1.1], X-Android-Sent-Millis=[1758227804236]}
09-18 15:36:44.274  1000  5463 D NetworkMonitor/100: isCaptivePortal: isSuccessful()=true isPortal()=false RedirectUrl=null isPartialConnectivity()=false Time=456ms
09-18 15:36:44.277   607   812 D ConnectivityService: [100 WIFI] validation passed
09-18 15:36:44.353   941  1034 V WindowManagerShell: Transition animation finished (aborted=false), notifying core (#30) android.os.BinderProxy@5fbcdf5@0
09-18 15:36:44.355   607   659 V WindowManager: Finish Transition (#30): created at 09-18 15:36:42.872 collect-started=0.897ms request-sent=93.543ms started=140.707ms ready=811.349ms sent=963.139ms finished=1481.454ms
09-18 15:36:44.357  1235  1235 D VRI[NexusLauncherActivity]: visibilityChanged oldVisibility=true newVisibility=false
09-18 15:36:44.358   941  1034 V WindowManagerShell: Track 0 became idle
09-18 15:36:44.358   941  1034 V WindowManagerShell: All active transition animations finished
09-18 15:36:44.360   607   636 W UserManagerService: Requested status bar icon for non-badged user 0
09-18 15:36:44.361   607   636 W UserManagerService: Requested status bar icon for non-badged user 0
09-18 15:36:44.374  1235  1235 D NexusLauncherModelDelegate: notifySmartspaceEvent: SmartspaceTargetEvent{mSmartspaceTarget=null, mSmartspaceActionId='null', mEventType=7}
09-18 15:36:44.473  5461  5461 I practix.android: Using CollectorTypeCMC GC.
09-18 15:36:44.613   412   470 I adbd    : jdwp connection from 5461
09-18 15:36:44.716  5461  5461 D nativeloader: Load libframework-connectivity-tiramisu-jni.so using APEX ns com_android_tethering for caller /apex/com.android.tethering/javalib/framework-connectivity-t.jar: ok
09-18 15:36:45.052  5461  5461 W re-initialized>: type=1400 audit(0.0:774): avc:  granted  { execute } for  path="/data/data/com.timidgiraffe.practix.android/code_cache/startup_agents/4aa0b38c-agent.so" dev="dm-44" ino=354197 scontext=u:r:untrusted_app:s0:c208,c256,c512,c768 tcontext=u:object_r:app_data_file:s0:c208,c256,c512,c768 tclass=file app=com.timidgiraffe.practix.android
09-18 15:36:45.065  5461  5461 D nativeloader: Load /data/user/0/com.timidgiraffe.practix.android/code_cache/startup_agents/4aa0b38c-agent.so using system ns (caller=<unknown>): ok
09-18 15:36:45.070  5461  5461 V studio.deploy: Startup agent attached to VM
09-18 15:36:45.081  5461  5461 V studio.deploy: No existing instrumentation found. Loading instrumentation from instruments-dd2db83e.jar
09-18 15:36:45.168  5461  5461 W practix.android: DexFile /data/data/com.timidgiraffe.practix.android/code_cache/.studio/instruments-dd2db83e.jar is in boot class path but is not in a known location
09-18 15:36:45.209  5461  5461 V studio.deploy: ModifyParameterTransform failed: Landroid/app/ApplicationLoaders;
09-18 15:36:45.286  5461  5461 W practix.android: Redefining intrinsic method java.lang.Thread java.lang.Thread.currentThread(). This may cause the unexpected use of the original definition of java.lang.Thread java.lang.Thread.currentThread()in methods that have already been compiled.
09-18 15:36:45.286  5461  5461 W practix.android: Redefining intrinsic method boolean java.lang.Thread.interrupted(). This may cause the unexpected use of the original definition of boolean java.lang.Thread.interrupted()in methods that have already been compiled.
09-18 15:36:45.343  5461  5461 I studio.deploy: Registering DispatchJNI
09-18 15:36:45.344  5461  5461 I studio.deploy: Found com/android/tools/deploy/interpreter/JNI
09-18 15:36:45.797  2358  5438 W A       : (REDACTED) [%s] response code: %d
09-18 15:36:45.916  5461  5461 W ziparchive: Unable to open '/data/data/com.timidgiraffe.practix.android/code_cache/.overlay/base.apk/classes2.dm': No such file or directory
09-18 15:36:45.917  5461  5461 W ziparchive: Unable to open '/data/app/~~z9T8rDMNeOy5eBpbZKEBXQ==/com.timidgiraffe.practix.android-CeYDgc1txFjtXqX0CtNPRg==/base.dm': No such file or directory
09-18 15:36:45.917  5461  5461 W ziparchive: Unable to open '/data/app/~~z9T8rDMNeOy5eBpbZKEBXQ==/com.timidgiraffe.practix.android-CeYDgc1txFjtXqX0CtNPRg==/base.dm': No such file or directory
09-18 15:36:46.304  5098  5103 W .apps.wellbeing: Suspending all threads took: 10.908ms
09-18 15:36:46.582   607  1667 E TaskPersister: File error accessing recents directory (directory doesn't exist?).
09-18 15:36:48.526   607   761 D ActivityManager: freezing 1837 com.google.android.apps.messaging
09-18 15:36:48.547   607   761 D ActivityManager: freezing 5098 com.google.android.apps.wellbeing
09-18 15:36:50.228   607   812 D InetDiagMessage: Destroyed 0 sockets, proto=IPPROTO_TCP, family=AF_INET, states=14
09-18 15:36:50.228   607   812 D InetDiagMessage: Destroyed 0 sockets, proto=IPPROTO_TCP, family=AF_INET6, states=14
09-18 15:36:50.228   607   812 D InetDiagMessage: Destroyed live tcp sockets for uids={10143} in 16ms
09-18 15:36:51.095  5461  5461 D nativeloader: Configuring clns-7 for other apk /data/app/~~z9T8rDMNeOy5eBpbZKEBXQ==/com.timidgiraffe.practix.android-CeYDgc1txFjtXqX0CtNPRg==/base.apk. target_sdk_version=35, uses_libraries=, library_path=/data/app/~~z9T8rDMNeOy5eBpbZKEBXQ==/com.timidgiraffe.practix.android-CeYDgc1txFjtXqX0CtNPRg==/lib/arm64:/data/app/~~z9T8rDMNeOy5eBpbZKEBXQ==/com.timidgiraffe.practix.android-CeYDgc1txFjtXqX0CtNPRg==/base.apk!/lib/arm64-v8a, permitted_path=/data:/mnt/expand:/data/user/0/com.timidgiraffe.practix.android
09-18 15:36:51.115  5461  5461 D CompatChangeReporter: Compat change id reported: 202956589; UID 10208; state: ENABLED
09-18 15:36:51.177   607   636 I AppsFilter: interaction: PackageSetting{dedfb45 com.timidgiraffe.practix.android/10208} -> PackageSetting{d41329a com.android.cts.priv.ctsshim/10195} BLOCKED
09-18 15:36:51.177   607   636 I AppsFilter: interaction: PackageSetting{dedfb45 com.timidgiraffe.practix.android/10208} -> PackageSetting{f49a7cb com.google.android.youtube/10165} BLOCKED
09-18 15:36:51.177   607   636 I AppsFilter: interaction: PackageSetting{dedfb45 com.timidgiraffe.practix.android/10208} -> PackageSetting{6870378 com.android.internal.display.cutout.emulation.corner/10008} BLOCKED
09-18 15:36:51.177   607   636 I AppsFilter: interaction: PackageSetting{dedfb45 com.timidgiraffe.practix.android/10208} -> PackageSetting{15b3a51 com.android.internal.display.cutout.emulation.double/10016} BLOCKED
09-18 15:36:51.177   607   636 I AppsFilter: interaction: PackageSetting{dedfb45 com.timidgiraffe.practix.android/10208} -> PackageSetting{57e7ba8 com.google.android.googlequicksearchbox/10145} BLOCKED
09-18 15:36:51.186   607   636 I AppsFilter: interaction: PackageSetting{dedfb45 com.timidgiraffe.practix.android/10208} -> PackageSetting{c7806c1 com.google.android.onetimeinitializer/10131} BLOCKED
09-18 15:36:51.186   607   636 I AppsFilter: interaction: PackageSetting{dedfb45 com.timidgiraffe.practix.android/10208} -> PackageSetting{b6fde66 com.google.android.ext.shared/10118} BLOCKED
09-18 15:36:51.186   607   636 I AppsFilter: interaction: PackageSetting{dedfb45 com.timidgiraffe.practix.android/10208} -> PackageSetting{d48f5a7 com.android.virtualmachine.res/10194} BLOCKED
09-18 15:36:51.196   607   636 I AppsFilter: interaction: PackageSetting{dedfb45 com.timidgiraffe.practix.android/10208} -> PackageSetting{bf4442 com.android.managedprovisioning.auto_generated_rro_product__/10042} BLOCKED
09-18 15:36:51.197   607   636 I AppsFilter: interaction: PackageSetting{dedfb45 com.timidgiraffe.practix.android/10208} -> PackageSetting{5485c53 com.android.carrierconfig.auto_generated_rro_vendor__/10089} BLOCKED
09-18 15:36:51.197   607   636 I AppsFilter: interaction: PackageSetting{dedfb45 com.timidgiraffe.practix.android/10208} -> PackageSetting{913aa54 com.google.android.server.deviceconfig.resources/10200} BLOCKED
09-18 15:36:51.197   607   636 I AppsFilter: interaction: PackageSetting{dedfb45 com.timidgiraffe.practix.android/10208} -> PackageSetting{899e289 com.android.systemui.emulation.pixel_3_xl/10053} BLOCKED
09-18 15:36:51.197   607   636 I AppsFilter: interaction: PackageSetting{dedfb45 com.timidgiraffe.practix.android/10208} -> PackageSetting{b81628e com.android.systemui.emulation.pixel_4_xl/10058} BLOCKED
09-18 15:36:51.197   607   636 I AppsFilter: interaction: PackageSetting{dedfb45 com.timidgiraffe.practix.android/10208} -> PackageSetting{9f26aaf com.android.systemui.emulation.pixel_fold/10074} BLOCKED
09-18 15:36:51.197   607   636 I AppsFilter: interaction: PackageSetting{dedfb45 com.timidgiraffe.practix.android/10208} -> PackageSetting{b12eebc com.android.providers.telephony.auto_generated_characteristics_rro/10079} BLOCKED
09-18 15:36:51.197   607   636 I AppsFilter: interaction: PackageSetting{dedfb45 com.timidgiraffe.practix.android/10208} -> PackageSetting{d351e45 com.android.simappdialog.auto_generated_rro_product__/10051} BLOCKED
09-18 15:36:51.197   607   636 I AppsFilter: interaction: PackageSetting{dedfb45 com.timidgiraffe.practix.android/10208} -> PackageSetting{c3d4dfd com.android.htmlviewer/10121} BLOCKED
09-18 15:36:51.207   607   636 I AppsFilter: interaction: PackageSetting{dedfb45 com.timidgiraffe.practix.android/10208} -> PackageSetting{28b7af2 com.google.android.health.connect.backuprestore/10193} BLOCKED
09-18 15:36:51.207   607   636 I AppsFilter: interaction: PackageSetting{dedfb45 com.timidgiraffe.practix.android/10208} -> PackageSetting{77e3aa8 com.android.systemui.auto_generated_rro_product__/10075} BLOCKED
09-18 15:36:51.207   607   636 I AppsFilter: interaction: PackageSetting{dedfb45 com.timidgiraffe.practix.android/10208} -> PackageSetting{e054543 com.google.android.apps.messaging/10140} BLOCKED
09-18 15:36:51.212   607   636 I AppsFilter: interaction: PackageSetting{dedfb45 com.timidgiraffe.practix.android/10208} -> PackageSetting{82b17c0 com.google.android.soundpicker/10163} BLOCKED
09-18 15:36:51.216   607   636 I AppsFilter: interaction: PackageSetting{dedfb45 com.timidgiraffe.practix.android/10208} -> PackageSetting{a5f00a7 com.google.android.marvin.talkbackoverlay/10085} BLOCKED
09-18 15:36:51.221   607   636 I AppsFilter: interaction: PackageSetting{dedfb45 com.timidgiraffe.practix.android/10208} -> PackageSetting{a15ccf9 com.google.android.configupdater/10128} BLOCKED
09-18 15:36:51.221   607   636 I AppsFilter: interaction: PackageSetting{dedfb45 com.timidgiraffe.practix.android/10208} -> PackageSetting{2e5d0fd com.android.internal.emulation.pixel_3a_xl/10014} BLOCKED
09-18 15:36:51.221   607   636 I AppsFilter: interaction: PackageSetting{dedfb45 com.timidgiraffe.practix.android/10208} -> PackageSetting{23541f2 com.android.internal.emulation.pixel_6_pro/10038} BLOCKED
09-18 15:36:51.221   607   636 I AppsFilter: interaction: PackageSetting{dedfb45 com.timidgiraffe.practix.android/10208} -> PackageSetting{df10043 com.android.internal.emulation.pixel_7_pro/10030} BLOCKED
09-18 15:36:51.221   607   636 I AppsFilter: interaction: PackageSetting{dedfb45 com.timidgiraffe.practix.android/10208} -> PackageSetting{483b6c0 com.android.internal.emulation.pixel_8_pro/10029} BLOCKED
09-18 15:36:51.221   607   636 I AppsFilter: interaction: PackageSetting{dedfb45 com.timidgiraffe.practix.android/10208} -> PackageSetting{6437ff9 com.android.internal.emulation.pixel_9_pro/10028} BLOCKED
09-18 15:36:51.221   607   636 I AppsFilter: interaction: PackageSetting{dedfb45 com.timidgiraffe.practix.android/10208} -> PackageSetting{f518b3e com.android.internal.emulation.pixel_3a/10013} BLOCKED
09-18 15:36:51.221   607   636 I AppsFilter: interaction: PackageSetting{dedfb45 com.timidgiraffe.practix.android/10208} -> PackageSetting{e195d9f com.android.internal.emulation.pixel_4a/10025} BLOCKED
09-18 15:36:51.221   607   636 I AppsFilter: interaction: PackageSetting{dedfb45 com.timidgiraffe.practix.android/10208} -> PackageSetting{34d7eec com.android.internal.emulation.pixel_6a/10021} BLOCKED
09-18 15:36:51.221   607   636 I AppsFilter: interaction: PackageSetting{dedfb45 com.timidgiraffe.practix.android/10208} -> PackageSetting{b3322b5 com.android.internal.emulation.pixel_7a/10023} BLOCKED
09-18 15:36:51.231   607   636 I AppsFilter: interaction: PackageSetting{dedfb45 com.timidgiraffe.practix.android/10208} -> PackageSetting{6571d4a com.android.internal.emulation.pixel_8a/10026} BLOCKED
09-18 15:36:51.232   607   636 I AppsFilter: interaction: PackageSetting{dedfb45 com.timidgiraffe.practix.android/10208} -> PackageSetting{f4034bb com.google.android.overlay.googlewebview/10039} BLOCKED
09-18 15:36:51.232   607   636 I AppsFilter: interaction: PackageSetting{dedfb45 com.timidgiraffe.practix.android/10208} -> PackageSetting{152543e com.google.android.apps.safetyhub/10139} BLOCKED
09-18 15:36:51.238   607   636 I AppsFilter: interaction: PackageSetting{dedfb45 com.timidgiraffe.practix.android/10208} -> PackageSetting{bacf29f com.google.android.hotspot2.osulogin/10189} BLOCKED
09-18 15:36:51.239   607   636 I AppsFilter: interaction: PackageSetting{dedfb45 com.timidgiraffe.practix.android/10208} -> PackageSetting{89efec com.android.simappdialog/10124} BLOCKED
09-18 15:36:51.244   607   636 I AppsFilter: interaction: PackageSetting{dedfb45 com.timidgiraffe.practix.android/10208} -> PackageSetting{a336197 com.android.internal.display.cutout.emulation.hole/10007} BLOCKED
09-18 15:36:51.244   607   636 I AppsFilter: interaction: PackageSetting{dedfb45 com.timidgiraffe.practix.android/10208} -> PackageSetting{166bf84 com.android.internal.display.cutout.emulation.tall/10009} BLOCKED
09-18 15:36:51.244   607   636 I AppsFilter: interaction: PackageSetting{dedfb45 com.timidgiraffe.practix.android/10208} -> PackageSetting{b31f36d com.android.internal.systemui.navbar.threebutton/10044} BLOCKED
09-18 15:36:51.248   607   636 I AppsFilter: interaction: PackageSetting{dedfb45 com.timidgiraffe.practix.android/10208} -> PackageSetting{e5d3fb5 com.android.camera2/10147} BLOCKED
09-18 15:36:51.248   607   636 I AppsFilter: interaction: PackageSetting{dedfb45 com.timidgiraffe.practix.android/10208} -> PackageSetting{cc28033 com.android.internal.ranchu.commonoverlay/10046} BLOCKED
09-18 15:36:51.252   607   636 I AppsFilter: interaction: PackageSetting{dedfb45 com.timidgiraffe.practix.android/10208} -> PackageSetting{c524ff0 com.android.systemui.auto_generated_rro_vendor__/10086} BLOCKED
09-18 15:36:51.253   607   636 I AppsFilter: interaction: PackageSetting{dedfb45 com.timidgiraffe.practix.android/10208} -> PackageSetting{21b764a com.google.android.deskclock/10157} BLOCKED
09-18 15:36:51.256   607   636 I AppsFilter: interaction: PackageSetting{dedfb45 com.timidgiraffe.practix.android/10208} -> PackageSetting{7075969 com.android.internal.systemui.navbar.twobutton/10043} BLOCKED
09-18 15:36:51.256   607   636 I AppsFilter: interaction: PackageSetting{dedfb45 com.timidgiraffe.practix.android/10208} -> PackageSetting{af819bb com.google.android.as/10135} BLOCKED
09-18 15:36:51.256   607   636 I AppsFilter: interaction: PackageSetting{dedfb45 com.timidgiraffe.practix.android/10208} -> PackageSetting{51c1ed8 com.google.android.gm/10168} BLOCKED
09-18 15:36:51.256   607   636 I AppsFilter: interaction: PackageSetting{dedfb45 com.timidgiraffe.practix.android/10208} -> PackageSetting{d247b1c com.android.systemui.emulation.pixel_3/10054} BLOCKED
09-18 15:36:51.257   607   636 I AppsFilter: interaction: PackageSetting{dedfb45 com.timidgiraffe.practix.android/10208} -> PackageSetting{9b32325 com.android.systemui.emulation.pixel_4/10057} BLOCKED
09-18 15:36:51.257   607   636 I AppsFilter: interaction: PackageSetting{dedfb45 com.timidgiraffe.practix.android/10208} -> PackageSetting{9996cfa com.android.systemui.emulation.pixel_5/10060} BLOCKED
09-18 15:36:51.257   607   636 I AppsFilter: interaction: PackageSetting{dedfb45 com.timidgiraffe.practix.android/10208} -> PackageSetting{8e3c2ab com.android.systemui.emulation.pixel_6/10061} BLOCKED
09-18 15:36:51.258   607   636 I AppsFilter: interaction: PackageSetting{dedfb45 com.timidgiraffe.practix.android/10208} -> PackageSetting{98c2d08 com.android.systemui.emulation.pixel_7/10064} BLOCKED
09-18 15:36:51.258   607   636 I AppsFilter: interaction: PackageSetting{dedfb45 com.timidgiraffe.practix.android/10208} -> PackageSetting{297cca1 com.android.systemui.emulation.pixel_8/10067} BLOCKED
09-18 15:36:51.258   607   636 I AppsFilter: interaction: PackageSetting{dedfb45 com.timidgiraffe.practix.android/10208} -> PackageSetting{815ec6 com.android.systemui.emulation.pixel_9/10070} BLOCKED
09-18 15:36:51.260   607   636 I AppsFilter: interaction: PackageSetting{dedfb45 com.timidgiraffe.practix.android/10208} -> PackageSetting{16f2231 com.android.printspooler/10125} BLOCKED
09-18 15:36:51.260   607   636 I AppsFilter: interaction: PackageSetting{dedfb45 com.timidgiraffe.practix.android/10208} -> PackageSetting{13b11b4 com.google.android.connectivity.resources.goldfish.overlay/10090} BLOCKED
09-18 15:36:51.261   607   636 I AppsFilter: interaction: PackageSetting{dedfb45 com.timidgiraffe.practix.android/10208} -> PackageSetting{ba2ad16 com.android.dreams.basic/10113} BLOCKED
09-18 15:36:51.261   607   636 I AppsFilter: interaction: PackageSetting{dedfb45 com.timidgiraffe.practix.android/10208} -> PackageSetting{9a4a152 com.google.android.networkstack.tethering.emulator/10034} BLOCKED
09-18 15:36:51.261   607   636 I AppsFilter: interaction: PackageSetting{dedfb45 com.timidgiraffe.practix.android/10208} -> PackageSetting{babdc23 com.android.providers.settings.auto_generated_rro_product__/10050} BLOCKED
09-18 15:36:51.261   607   636 I AppsFilter: interaction: PackageSetting{dedfb45 com.timidgiraffe.practix.android/10208} -> PackageSetting{a049697 com.google.android.as.oss/10129} BLOCKED
09-18 15:36:51.261   607   636 I AppsFilter: interaction: PackageSetting{dedfb45 com.timidgiraffe.practix.android/10208} -> PackageSetting{3ec6ed9 com.android.traceur.auto_generated_rro_product__/10081} BLOCKED
09-18 15:36:51.261   607   636 I AppsFilter: interaction: PackageSetting{dedfb45 com.timidgiraffe.practix.android/10208} -> PackageSetting{a47809e com.android.internal.emulation.pixel_9_pro_fold/10031} BLOCKED
09-18 15:36:51.261   607   636 I AppsFilter: interaction: PackageSetting{dedfb45 com.timidgiraffe.practix.android/10208} -> PackageSetting{9a05084 com.google.android.devicelockcontroller/10184} BLOCKED
09-18 15:36:51.262   607   636 I AppsFilter: interaction: PackageSetting{dedfb45 com.timidgiraffe.practix.android/10208} -> PackageSetting{be2b06d com.google.android.dialer/10138} BLOCKED
09-18 15:36:51.263   607   636 I AppsFilter: interaction: PackageSetting{dedfb45 com.timidgiraffe.practix.android/10208} -> PackageSetting{b2c1f95 com.android.internal.emulation.pixel_3/10020} BLOCKED
09-18 15:36:51.263   607   636 I AppsFilter: interaction: PackageSetting{dedfb45 com.timidgiraffe.practix.android/10208} -> PackageSetting{5a708aa com.android.internal.emulation.pixel_4/10015} BLOCKED
09-18 15:36:51.263   607   636 I AppsFilter: interaction: PackageSetting{dedfb45 com.timidgiraffe.practix.android/10208} -> PackageSetting{a3eac9b com.android.internal.emulation.pixel_5/10019} BLOCKED
09-18 15:36:51.263   607   636 I AppsFilter: interaction: PackageSetting{dedfb45 com.timidgiraffe.practix.android/10208} -> PackageSetting{28e838 com.android.internal.emulation.pixel_6/10018} BLOCKED
09-18 15:36:51.263   607   636 I AppsFilter: interaction: PackageSetting{dedfb45 com.timidgiraffe.practix.android/10208} -> PackageSetting{b7c2011 com.android.internal.emulation.pixel_7/10022} BLOCKED
09-18 15:36:51.263   607   636 I AppsFilter: interaction: PackageSetting{dedfb45 com.timidgiraffe.practix.android/10208} -> PackageSetting{3c50576 com.android.internal.emulation.pixel_8/10024} BLOCKED
09-18 15:36:51.263   607   636 I AppsFilter: interaction: PackageSetting{dedfb45 com.timidgiraffe.practix.android/10208} -> PackageSetting{1d17777 com.android.internal.emulation.pixel_9/10027} BLOCKED
09-18 15:36:51.263   607   636 I AppsFilter: interaction: PackageSetting{dedfb45 com.timidgiraffe.practix.android/10208} -> PackageSetting{29484a2 com.google.android.captiveportallogin/10116} BLOCKED
09-18 15:36:51.263   607   636 I AppsFilter: interaction: PackageSetting{dedfb45 com.timidgiraffe.practix.android/10208} -> PackageSetting{bf1ac4d android.auto_generated_characteristics_rro/10083} BLOCKED
09-18 15:36:51.267   607   636 I AppsFilter: interaction: PackageSetting{dedfb45 com.timidgiraffe.practix.android/10208} -> PackageSetting{f20533 com.google.android.appsearch.apk/10206} BLOCKED
09-18 15:36:51.267   607   636 I AppsFilter: interaction: PackageSetting{dedfb45 com.timidgiraffe.practix.android/10208} -> PackageSetting{d13f0f0 com.android.musicfx/10104} BLOCKED
09-18 15:36:51.270   607   636 I AppsFilter: interaction: PackageSetting{dedfb45 com.timidgiraffe.practix.android/10208} -> PackageSetting{e86e669 com.google.android.apps.docs/10154} BLOCKED
09-18 15:36:51.270   607   636 I AppsFilter: interaction: PackageSetting{dedfb45 com.timidgiraffe.practix.android/10208} -> PackageSetting{2ac967f com.google.android.apps.maps/10158} BLOCKED
09-18 15:36:51.270   607   636 I AppsFilter: interaction: PackageSetting{dedfb45 com.timidgiraffe.practix.android/10208} -> PackageSetting{7da48ee com.google.android.markup/10151} BLOCKED
09-18 15:36:51.270   607   636 I AppsFilter: interaction: PackageSetting{dedfb45 com.timidgiraffe.practix.android/10208} -> PackageSetting{3dc18f com.google.android.webview/10162} BLOCKED
